CRITICAL - 2026-05-04 00:40:05 --> ErrorException: Undefined variable $post
[Method: GET, Route: blog]
in APPPATH\Views\blog_view.php on line 17.
 1 APPPATH\Views\blog_view.php(17): CodeIgniter\Debug\Exceptions->errorHandler(2, 'Undefined variable $post', 'C:\\xampp\\htdocs\\codeigniter_crud\\app\\Views\\blog_view.php', 17)
 2 SYSTEMPATH\View\View.php(240): include('C:\\xampp\\htdocs\\codeigniter_crud\\app\\Views\\blog_view.php')
 3 SYSTEMPATH\View\View.php(243): CodeIgniter\View\View->CodeIgniter\View\{closure}()
 4 SYSTEMPATH\Common.php(1250): CodeIgniter\View\View->render('blog_view', [], true)
 5 APPPATH\Controllers\Blog.php(24): view('blog_view', [...])
 6 SYSTEMPATH\CodeIgniter.php(951): App\Controllers\Blog->index()
 7 SYSTEMPATH\CodeIgniter.php(497): CodeIgniter\CodeIgniter->runController(Object(App\Controllers\Blog))
 8 SYSTEMPATH\CodeIgniter.php(340): CodeIgniter\CodeIgniter->handleRequest(null, Object(Config\Cache), false)
 9 SYSTEMPATH\Boot.php(417): CodeIgniter\CodeIgniter->run()
10 SYSTEMPATH\Boot.php(68): CodeIgniter\Boot::runCodeIgniter(Object(CodeIgniter\CodeIgniter))
11 FCPATH\index.php(59): CodeIgniter\Boot::bootWeb(Object(Config\Paths))
12 SYSTEMPATH\rewrite.php(44): require_once('C:\\xampp\\htdocs\\codeigniter_crud\\public\\index.php')
CRITICAL - 2026-05-04 00:42:03 --> Error: Call to undefined function time_ago()
[Method: GET, Route: blog]
in APPPATH\Views\components\post_card.php on line 9.
 1 SYSTEMPATH\View\View.php(240): include()
 2 SYSTEMPATH\View\View.php(243): CodeIgniter\View\View->CodeIgniter\View\{closure}()
 3 SYSTEMPATH\Common.php(1250): CodeIgniter\View\View->render('components/post_card', [], true)
 4 APPPATH\Views\blog_view.php(18): view('components/post_card', [...])
 5 SYSTEMPATH\View\View.php(240): include('C:\\xampp\\htdocs\\codeigniter_crud\\app\\Views\\blog_view.php')
 6 SYSTEMPATH\View\View.php(243): CodeIgniter\View\View->CodeIgniter\View\{closure}()
 7 SYSTEMPATH\Common.php(1250): CodeIgniter\View\View->render('blog_view', [], true)
 8 APPPATH\Controllers\Blog.php(24): view('blog_view', [...])
 9 SYSTEMPATH\CodeIgniter.php(951): App\Controllers\Blog->index()
10 SYSTEMPATH\CodeIgniter.php(497): CodeIgniter\CodeIgniter->runController(Object(App\Controllers\Blog))
11 SYSTEMPATH\CodeIgniter.php(340): CodeIgniter\CodeIgniter->handleRequest(null, Object(Config\Cache), false)
12 SYSTEMPATH\Boot.php(417): CodeIgniter\CodeIgniter->run()
13 SYSTEMPATH\Boot.php(68): CodeIgniter\Boot::runCodeIgniter(Object(CodeIgniter\CodeIgniter))
14 FCPATH\index.php(59): CodeIgniter\Boot::bootWeb(Object(Config\Paths))
15 SYSTEMPATH\rewrite.php(44): require_once('C:\\xampp\\htdocs\\codeigniter_crud\\public\\index.php')
CRITICAL - 2026-05-04 00:42:04 --> Error: Call to undefined function time_ago()
[Method: GET, Route: blog]
in APPPATH\Views\components\post_card.php on line 9.
 1 SYSTEMPATH\View\View.php(240): include()
 2 SYSTEMPATH\View\View.php(243): CodeIgniter\View\View->CodeIgniter\View\{closure}()
 3 SYSTEMPATH\Common.php(1250): CodeIgniter\View\View->render('components/post_card', [], true)
 4 APPPATH\Views\blog_view.php(18): view('components/post_card', [...])
 5 SYSTEMPATH\View\View.php(240): include('C:\\xampp\\htdocs\\codeigniter_crud\\app\\Views\\blog_view.php')
 6 SYSTEMPATH\View\View.php(243): CodeIgniter\View\View->CodeIgniter\View\{closure}()
 7 SYSTEMPATH\Common.php(1250): CodeIgniter\View\View->render('blog_view', [], true)
 8 APPPATH\Controllers\Blog.php(24): view('blog_view', [...])
 9 SYSTEMPATH\CodeIgniter.php(951): App\Controllers\Blog->index()
10 SYSTEMPATH\CodeIgniter.php(497): CodeIgniter\CodeIgniter->runController(Object(App\Controllers\Blog))
11 SYSTEMPATH\CodeIgniter.php(340): CodeIgniter\CodeIgniter->handleRequest(null, Object(Config\Cache), false)
12 SYSTEMPATH\Boot.php(417): CodeIgniter\CodeIgniter->run()
13 SYSTEMPATH\Boot.php(68): CodeIgniter\Boot::runCodeIgniter(Object(CodeIgniter\CodeIgniter))
14 FCPATH\index.php(59): CodeIgniter\Boot::bootWeb(Object(Config\Paths))
15 SYSTEMPATH\rewrite.php(44): require_once('C:\\xampp\\htdocs\\codeigniter_crud\\public\\index.php')
ERROR - 2026-05-04 00:46:50 --> Unknown column 'updated_at' in 'field list'
in SYSTEMPATH\Database\MySQLi\Connection.php on line 300.
 1 SYSTEMPATH\Database\MySQLi\Connection.php(300): mysqli->query('INSERT INTO `posts` (`id_user`, `title`, `content`, `image`, `created_at`, `updated_at`) VALUES (\'1\', \'Viltrum\', \'Redesigned the Viltrum Empire symbol. What do you guys think?\', \'1777855610_6f8770ae69316d2c103f.jpg\', \'2026-05-04 00:46:50\', \'2026-05-04 00:46:50\')', 0)
 2 SYSTEMPATH\Database\BaseConnection.php(910): CodeIgniter\Database\MySQLi\Connection->execute('INSERT INTO `posts` (`id_user`, `title`, `content`, `image`, `created_at`, `updated_at`) VALUES (\'1\', \'Viltrum\', \'Redesigned the Viltrum Empire symbol. What do you guys think?\', \'1777855610_6f8770ae69316d2c103f.jpg\', \'2026-05-04 00:46:50\', \'2026-05-04 00:46:50\')')
 3 SYSTEMPATH\Database\BaseConnection.php(827): CodeIgniter\Database\BaseConnection->simpleQuery('INSERT INTO `posts` (`id_user`, `title`, `content`, `image`, `created_at`, `updated_at`) VALUES (\'1\', \'Viltrum\', \'Redesigned the Viltrum Empire symbol. What do you guys think?\', \'1777855610_6f8770ae69316d2c103f.jpg\', \'2026-05-04 00:46:50\', \'2026-05-04 00:46:50\')')
 4 SYSTEMPATH\Database\BaseBuilder.php(2345): CodeIgniter\Database\BaseConnection->query('INSERT INTO `posts` (`id_user`, `title`, `content`, `image`, `created_at`, `updated_at`) VALUES (:id_user:, :title:, :content:, :image:, :created_at:, :updated_at:)', [...], false)
 5 SYSTEMPATH\Model.php(355): CodeIgniter\Database\BaseBuilder->insert()
 6 SYSTEMPATH\BaseModel.php(899): CodeIgniter\Model->doInsert([...])
 7 SYSTEMPATH\Model.php(668): CodeIgniter\BaseModel->insert([...], true)
 8 APPPATH\Controllers\Blog.php(70): CodeIgniter\Model->insert([...])
 9 SYSTEMPATH\CodeIgniter.php(951): App\Controllers\Blog->storePost()
10 SYSTEMPATH\CodeIgniter.php(497): CodeIgniter\CodeIgniter->runController(Object(App\Controllers\Blog))
11 SYSTEMPATH\CodeIgniter.php(340): CodeIgniter\CodeIgniter->handleRequest(null, Object(Config\Cache), false)
12 SYSTEMPATH\Boot.php(417): CodeIgniter\CodeIgniter->run()
13 SYSTEMPATH\Boot.php(68): CodeIgniter\Boot::runCodeIgniter(Object(CodeIgniter\CodeIgniter))
14 FCPATH\index.php(59): CodeIgniter\Boot::bootWeb(Object(Config\Paths))
15 SYSTEMPATH\rewrite.php(44): require_once('C:\\xampp\\htdocs\\codeigniter_crud\\public\\index.php')
CRITICAL - 2026-05-04 00:46:50 --> CodeIgniter\Database\Exceptions\DatabaseException: Unknown column 'updated_at' in 'field list'
[Method: POST, Route: blog/post]
in SYSTEMPATH\Database\BaseConnection.php on line 865.
 1 SYSTEMPATH\Database\BaseBuilder.php(2345): CodeIgniter\Database\BaseConnection->query('INSERT INTO `posts` (`id_user`, `title`, `content`, `image`, `created_at`, `updated_at`) VALUES (:id_user:, :title:, :content:, :image:, :created_at:, :updated_at:)', [...], false)
 2 SYSTEMPATH\Model.php(355): CodeIgniter\Database\BaseBuilder->insert()
 3 SYSTEMPATH\BaseModel.php(899): CodeIgniter\Model->doInsert([...])
 4 SYSTEMPATH\Model.php(668): CodeIgniter\BaseModel->insert([...], true)
 5 APPPATH\Controllers\Blog.php(70): CodeIgniter\Model->insert([...])
 6 SYSTEMPATH\CodeIgniter.php(951): App\Controllers\Blog->storePost()
 7 SYSTEMPATH\CodeIgniter.php(497): CodeIgniter\CodeIgniter->runController(Object(App\Controllers\Blog))
 8 SYSTEMPATH\CodeIgniter.php(340): CodeIgniter\CodeIgniter->handleRequest(null, Object(Config\Cache), false)
 9 SYSTEMPATH\Boot.php(417): CodeIgniter\CodeIgniter->run()
10 SYSTEMPATH\Boot.php(68): CodeIgniter\Boot::runCodeIgniter(Object(CodeIgniter\CodeIgniter))
11 FCPATH\index.php(59): CodeIgniter\Boot::bootWeb(Object(Config\Paths))
12 SYSTEMPATH\rewrite.php(44): require_once('C:\\xampp\\htdocs\\codeigniter_crud\\public\\index.php')
CRITICAL - 2026-05-04 00:46:50 --> [Caused by] CodeIgniter\Database\Exceptions\DatabaseException: Unknown column 'updated_at' in 'field list'
in SYSTEMPATH\Database\MySQLi\Connection.php on line 310.
 1 SYSTEMPATH\Database\BaseConnection.php(910): CodeIgniter\Database\MySQLi\Connection->execute('INSERT INTO `posts` (`id_user`, `title`, `content`, `image`, `created_at`, `updated_at`) VALUES (\'1\', \'Viltrum\', \'Redesigned the Viltrum Empire symbol. What do you guys think?\', \'1777855610_6f8770ae69316d2c103f.jpg\', \'2026-05-04 00:46:50\', \'2026-05-04 00:46:50\')')
 2 SYSTEMPATH\Database\BaseConnection.php(827): CodeIgniter\Database\BaseConnection->simpleQuery('INSERT INTO `posts` (`id_user`, `title`, `content`, `image`, `created_at`, `updated_at`) VALUES (\'1\', \'Viltrum\', \'Redesigned the Viltrum Empire symbol. What do you guys think?\', \'1777855610_6f8770ae69316d2c103f.jpg\', \'2026-05-04 00:46:50\', \'2026-05-04 00:46:50\')')
 3 SYSTEMPATH\Database\BaseBuilder.php(2345): CodeIgniter\Database\BaseConnection->query('INSERT INTO `posts` (`id_user`, `title`, `content`, `image`, `created_at`, `updated_at`) VALUES (:id_user:, :title:, :content:, :image:, :created_at:, :updated_at:)', [...], false)
 4 SYSTEMPATH\Model.php(355): CodeIgniter\Database\BaseBuilder->insert()
 5 SYSTEMPATH\BaseModel.php(899): CodeIgniter\Model->doInsert([...])
 6 SYSTEMPATH\Model.php(668): CodeIgniter\BaseModel->insert([...], true)
 7 APPPATH\Controllers\Blog.php(70): CodeIgniter\Model->insert([...])
 8 SYSTEMPATH\CodeIgniter.php(951): App\Controllers\Blog->storePost()
 9 SYSTEMPATH\CodeIgniter.php(497): CodeIgniter\CodeIgniter->runController(Object(App\Controllers\Blog))
10 SYSTEMPATH\CodeIgniter.php(340): CodeIgniter\CodeIgniter->handleRequest(null, Object(Config\Cache), false)
11 SYSTEMPATH\Boot.php(417): CodeIgniter\CodeIgniter->run()
12 SYSTEMPATH\Boot.php(68): CodeIgniter\Boot::runCodeIgniter(Object(CodeIgniter\CodeIgniter))
13 FCPATH\index.php(59): CodeIgniter\Boot::bootWeb(Object(Config\Paths))
14 SYSTEMPATH\rewrite.php(44): require_once('C:\\xampp\\htdocs\\codeigniter_crud\\public\\index.php')
CRITICAL - 2026-05-04 00:46:50 --> [Caused by] mysqli_sql_exception: Unknown column 'updated_at' in 'field list'
in SYSTEMPATH\Database\MySQLi\Connection.php on line 300.
 1 SYSTEMPATH\Database\MySQLi\Connection.php(300): mysqli->query('INSERT INTO `posts` (`id_user`, `title`, `content`, `image`, `created_at`, `updated_at`) VALUES (\'1\', \'Viltrum\', \'Redesigned the Viltrum Empire symbol. What do you guys think?\', \'1777855610_6f8770ae69316d2c103f.jpg\', \'2026-05-04 00:46:50\', \'2026-05-04 00:46:50\')', 0)
 2 SYSTEMPATH\Database\BaseConnection.php(910): CodeIgniter\Database\MySQLi\Connection->execute('INSERT INTO `posts` (`id_user`, `title`, `content`, `image`, `created_at`, `updated_at`) VALUES (\'1\', \'Viltrum\', \'Redesigned the Viltrum Empire symbol. What do you guys think?\', \'1777855610_6f8770ae69316d2c103f.jpg\', \'2026-05-04 00:46:50\', \'2026-05-04 00:46:50\')')
 3 SYSTEMPATH\Database\BaseConnection.php(827): CodeIgniter\Database\BaseConnection->simpleQuery('INSERT INTO `posts` (`id_user`, `title`, `content`, `image`, `created_at`, `updated_at`) VALUES (\'1\', \'Viltrum\', \'Redesigned the Viltrum Empire symbol. What do you guys think?\', \'1777855610_6f8770ae69316d2c103f.jpg\', \'2026-05-04 00:46:50\', \'2026-05-04 00:46:50\')')
 4 SYSTEMPATH\Database\BaseBuilder.php(2345): CodeIgniter\Database\BaseConnection->query('INSERT INTO `posts` (`id_user`, `title`, `content`, `image`, `created_at`, `updated_at`) VALUES (:id_user:, :title:, :content:, :image:, :created_at:, :updated_at:)', [...], false)
 5 SYSTEMPATH\Model.php(355): CodeIgniter\Database\BaseBuilder->insert()
 6 SYSTEMPATH\BaseModel.php(899): CodeIgniter\Model->doInsert([...])
 7 SYSTEMPATH\Model.php(668): CodeIgniter\BaseModel->insert([...], true)
 8 APPPATH\Controllers\Blog.php(70): CodeIgniter\Model->insert([...])
 9 SYSTEMPATH\CodeIgniter.php(951): App\Controllers\Blog->storePost()
10 SYSTEMPATH\CodeIgniter.php(497): CodeIgniter\CodeIgniter->runController(Object(App\Controllers\Blog))
11 SYSTEMPATH\CodeIgniter.php(340): CodeIgniter\CodeIgniter->handleRequest(null, Object(Config\Cache), false)
12 SYSTEMPATH\Boot.php(417): CodeIgniter\CodeIgniter->run()
13 SYSTEMPATH\Boot.php(68): CodeIgniter\Boot::runCodeIgniter(Object(CodeIgniter\CodeIgniter))
14 FCPATH\index.php(59): CodeIgniter\Boot::bootWeb(Object(Config\Paths))
15 SYSTEMPATH\rewrite.php(44): require_once('C:\\xampp\\htdocs\\codeigniter_crud\\public\\index.php')
ERROR - 2026-05-04 00:49:08 --> Unknown column 'updated_at' in 'field list'
in SYSTEMPATH\Database\MySQLi\Connection.php on line 300.
 1 SYSTEMPATH\Database\MySQLi\Connection.php(300): mysqli->query('INSERT INTO `posts` (`id_user`, `title`, `content`, `image`, `created_at`, `updated_at`) VALUES (\'1\', \'Viltrum\', \'Redesigned the Viltrum Empire symbol. What do you guys think?\', \'1777855748_c62c4fe9ced561f4d313.jpg\', \'2026-05-04 00:49:08\', \'2026-05-04 00:49:08\')', 0)
 2 SYSTEMPATH\Database\BaseConnection.php(910): CodeIgniter\Database\MySQLi\Connection->execute('INSERT INTO `posts` (`id_user`, `title`, `content`, `image`, `created_at`, `updated_at`) VALUES (\'1\', \'Viltrum\', \'Redesigned the Viltrum Empire symbol. What do you guys think?\', \'1777855748_c62c4fe9ced561f4d313.jpg\', \'2026-05-04 00:49:08\', \'2026-05-04 00:49:08\')')
 3 SYSTEMPATH\Database\BaseConnection.php(827): CodeIgniter\Database\BaseConnection->simpleQuery('INSERT INTO `posts` (`id_user`, `title`, `content`, `image`, `created_at`, `updated_at`) VALUES (\'1\', \'Viltrum\', \'Redesigned the Viltrum Empire symbol. What do you guys think?\', \'1777855748_c62c4fe9ced561f4d313.jpg\', \'2026-05-04 00:49:08\', \'2026-05-04 00:49:08\')')
 4 SYSTEMPATH\Database\BaseBuilder.php(2345): CodeIgniter\Database\BaseConnection->query('INSERT INTO `posts` (`id_user`, `title`, `content`, `image`, `created_at`, `updated_at`) VALUES (:id_user:, :title:, :content:, :image:, :created_at:, :updated_at:)', [...], false)
 5 SYSTEMPATH\Model.php(355): CodeIgniter\Database\BaseBuilder->insert()
 6 SYSTEMPATH\BaseModel.php(899): CodeIgniter\Model->doInsert([...])
 7 SYSTEMPATH\Model.php(668): CodeIgniter\BaseModel->insert([...], true)
 8 APPPATH\Controllers\Blog.php(70): CodeIgniter\Model->insert([...])
 9 SYSTEMPATH\CodeIgniter.php(951): App\Controllers\Blog->storePost()
10 SYSTEMPATH\CodeIgniter.php(497): CodeIgniter\CodeIgniter->runController(Object(App\Controllers\Blog))
11 SYSTEMPATH\CodeIgniter.php(340): CodeIgniter\CodeIgniter->handleRequest(null, Object(Config\Cache), false)
12 SYSTEMPATH\Boot.php(417): CodeIgniter\CodeIgniter->run()
13 SYSTEMPATH\Boot.php(68): CodeIgniter\Boot::runCodeIgniter(Object(CodeIgniter\CodeIgniter))
14 FCPATH\index.php(59): CodeIgniter\Boot::bootWeb(Object(Config\Paths))
15 SYSTEMPATH\rewrite.php(44): require_once('C:\\xampp\\htdocs\\codeigniter_crud\\public\\index.php')
CRITICAL - 2026-05-04 00:49:08 --> CodeIgniter\Database\Exceptions\DatabaseException: Unknown column 'updated_at' in 'field list'
[Method: POST, Route: blog/post]
in SYSTEMPATH\Database\BaseConnection.php on line 865.
 1 SYSTEMPATH\Database\BaseBuilder.php(2345): CodeIgniter\Database\BaseConnection->query('INSERT INTO `posts` (`id_user`, `title`, `content`, `image`, `created_at`, `updated_at`) VALUES (:id_user:, :title:, :content:, :image:, :created_at:, :updated_at:)', [...], false)
 2 SYSTEMPATH\Model.php(355): CodeIgniter\Database\BaseBuilder->insert()
 3 SYSTEMPATH\BaseModel.php(899): CodeIgniter\Model->doInsert([...])
 4 SYSTEMPATH\Model.php(668): CodeIgniter\BaseModel->insert([...], true)
 5 APPPATH\Controllers\Blog.php(70): CodeIgniter\Model->insert([...])
 6 SYSTEMPATH\CodeIgniter.php(951): App\Controllers\Blog->storePost()
 7 SYSTEMPATH\CodeIgniter.php(497): CodeIgniter\CodeIgniter->runController(Object(App\Controllers\Blog))
 8 SYSTEMPATH\CodeIgniter.php(340): CodeIgniter\CodeIgniter->handleRequest(null, Object(Config\Cache), false)
 9 SYSTEMPATH\Boot.php(417): CodeIgniter\CodeIgniter->run()
10 SYSTEMPATH\Boot.php(68): CodeIgniter\Boot::runCodeIgniter(Object(CodeIgniter\CodeIgniter))
11 FCPATH\index.php(59): CodeIgniter\Boot::bootWeb(Object(Config\Paths))
12 SYSTEMPATH\rewrite.php(44): require_once('C:\\xampp\\htdocs\\codeigniter_crud\\public\\index.php')
CRITICAL - 2026-05-04 00:49:08 --> [Caused by] CodeIgniter\Database\Exceptions\DatabaseException: Unknown column 'updated_at' in 'field list'
in SYSTEMPATH\Database\MySQLi\Connection.php on line 310.
 1 SYSTEMPATH\Database\BaseConnection.php(910): CodeIgniter\Database\MySQLi\Connection->execute('INSERT INTO `posts` (`id_user`, `title`, `content`, `image`, `created_at`, `updated_at`) VALUES (\'1\', \'Viltrum\', \'Redesigned the Viltrum Empire symbol. What do you guys think?\', \'1777855748_c62c4fe9ced561f4d313.jpg\', \'2026-05-04 00:49:08\', \'2026-05-04 00:49:08\')')
 2 SYSTEMPATH\Database\BaseConnection.php(827): CodeIgniter\Database\BaseConnection->simpleQuery('INSERT INTO `posts` (`id_user`, `title`, `content`, `image`, `created_at`, `updated_at`) VALUES (\'1\', \'Viltrum\', \'Redesigned the Viltrum Empire symbol. What do you guys think?\', \'1777855748_c62c4fe9ced561f4d313.jpg\', \'2026-05-04 00:49:08\', \'2026-05-04 00:49:08\')')
 3 SYSTEMPATH\Database\BaseBuilder.php(2345): CodeIgniter\Database\BaseConnection->query('INSERT INTO `posts` (`id_user`, `title`, `content`, `image`, `created_at`, `updated_at`) VALUES (:id_user:, :title:, :content:, :image:, :created_at:, :updated_at:)', [...], false)
 4 SYSTEMPATH\Model.php(355): CodeIgniter\Database\BaseBuilder->insert()
 5 SYSTEMPATH\BaseModel.php(899): CodeIgniter\Model->doInsert([...])
 6 SYSTEMPATH\Model.php(668): CodeIgniter\BaseModel->insert([...], true)
 7 APPPATH\Controllers\Blog.php(70): CodeIgniter\Model->insert([...])
 8 SYSTEMPATH\CodeIgniter.php(951): App\Controllers\Blog->storePost()
 9 SYSTEMPATH\CodeIgniter.php(497): CodeIgniter\CodeIgniter->runController(Object(App\Controllers\Blog))
10 SYSTEMPATH\CodeIgniter.php(340): CodeIgniter\CodeIgniter->handleRequest(null, Object(Config\Cache), false)
11 SYSTEMPATH\Boot.php(417): CodeIgniter\CodeIgniter->run()
12 SYSTEMPATH\Boot.php(68): CodeIgniter\Boot::runCodeIgniter(Object(CodeIgniter\CodeIgniter))
13 FCPATH\index.php(59): CodeIgniter\Boot::bootWeb(Object(Config\Paths))
14 SYSTEMPATH\rewrite.php(44): require_once('C:\\xampp\\htdocs\\codeigniter_crud\\public\\index.php')
CRITICAL - 2026-05-04 00:49:08 --> [Caused by] mysqli_sql_exception: Unknown column 'updated_at' in 'field list'
in SYSTEMPATH\Database\MySQLi\Connection.php on line 300.
 1 SYSTEMPATH\Database\MySQLi\Connection.php(300): mysqli->query('INSERT INTO `posts` (`id_user`, `title`, `content`, `image`, `created_at`, `updated_at`) VALUES (\'1\', \'Viltrum\', \'Redesigned the Viltrum Empire symbol. What do you guys think?\', \'1777855748_c62c4fe9ced561f4d313.jpg\', \'2026-05-04 00:49:08\', \'2026-05-04 00:49:08\')', 0)
 2 SYSTEMPATH\Database\BaseConnection.php(910): CodeIgniter\Database\MySQLi\Connection->execute('INSERT INTO `posts` (`id_user`, `title`, `content`, `image`, `created_at`, `updated_at`) VALUES (\'1\', \'Viltrum\', \'Redesigned the Viltrum Empire symbol. What do you guys think?\', \'1777855748_c62c4fe9ced561f4d313.jpg\', \'2026-05-04 00:49:08\', \'2026-05-04 00:49:08\')')
 3 SYSTEMPATH\Database\BaseConnection.php(827): CodeIgniter\Database\BaseConnection->simpleQuery('INSERT INTO `posts` (`id_user`, `title`, `content`, `image`, `created_at`, `updated_at`) VALUES (\'1\', \'Viltrum\', \'Redesigned the Viltrum Empire symbol. What do you guys think?\', \'1777855748_c62c4fe9ced561f4d313.jpg\', \'2026-05-04 00:49:08\', \'2026-05-04 00:49:08\')')
 4 SYSTEMPATH\Database\BaseBuilder.php(2345): CodeIgniter\Database\BaseConnection->query('INSERT INTO `posts` (`id_user`, `title`, `content`, `image`, `created_at`, `updated_at`) VALUES (:id_user:, :title:, :content:, :image:, :created_at:, :updated_at:)', [...], false)
 5 SYSTEMPATH\Model.php(355): CodeIgniter\Database\BaseBuilder->insert()
 6 SYSTEMPATH\BaseModel.php(899): CodeIgniter\Model->doInsert([...])
 7 SYSTEMPATH\Model.php(668): CodeIgniter\BaseModel->insert([...], true)
 8 APPPATH\Controllers\Blog.php(70): CodeIgniter\Model->insert([...])
 9 SYSTEMPATH\CodeIgniter.php(951): App\Controllers\Blog->storePost()
10 SYSTEMPATH\CodeIgniter.php(497): CodeIgniter\CodeIgniter->runController(Object(App\Controllers\Blog))
11 SYSTEMPATH\CodeIgniter.php(340): CodeIgniter\CodeIgniter->handleRequest(null, Object(Config\Cache), false)
12 SYSTEMPATH\Boot.php(417): CodeIgniter\CodeIgniter->run()
13 SYSTEMPATH\Boot.php(68): CodeIgniter\Boot::runCodeIgniter(Object(CodeIgniter\CodeIgniter))
14 FCPATH\index.php(59): CodeIgniter\Boot::bootWeb(Object(Config\Paths))
15 SYSTEMPATH\rewrite.php(44): require_once('C:\\xampp\\htdocs\\codeigniter_crud\\public\\index.php')
ERROR - 2026-05-04 00:49:16 --> Unknown column 'updated_at' in 'field list'
in SYSTEMPATH\Database\MySQLi\Connection.php on line 300.
 1 SYSTEMPATH\Database\MySQLi\Connection.php(300): mysqli->query('INSERT INTO `posts` (`id_user`, `title`, `content`, `image`, `created_at`, `updated_at`) VALUES (\'1\', \'Viltrum\', \'Redesigned the Viltrum Empire symbol. What do you guys think?\', \'1777855756_afc5bfd748af0b1c5793.jpg\', \'2026-05-04 00:49:16\', \'2026-05-04 00:49:16\')', 0)
 2 SYSTEMPATH\Database\BaseConnection.php(910): CodeIgniter\Database\MySQLi\Connection->execute('INSERT INTO `posts` (`id_user`, `title`, `content`, `image`, `created_at`, `updated_at`) VALUES (\'1\', \'Viltrum\', \'Redesigned the Viltrum Empire symbol. What do you guys think?\', \'1777855756_afc5bfd748af0b1c5793.jpg\', \'2026-05-04 00:49:16\', \'2026-05-04 00:49:16\')')
 3 SYSTEMPATH\Database\BaseConnection.php(827): CodeIgniter\Database\BaseConnection->simpleQuery('INSERT INTO `posts` (`id_user`, `title`, `content`, `image`, `created_at`, `updated_at`) VALUES (\'1\', \'Viltrum\', \'Redesigned the Viltrum Empire symbol. What do you guys think?\', \'1777855756_afc5bfd748af0b1c5793.jpg\', \'2026-05-04 00:49:16\', \'2026-05-04 00:49:16\')')
 4 SYSTEMPATH\Database\BaseBuilder.php(2345): CodeIgniter\Database\BaseConnection->query('INSERT INTO `posts` (`id_user`, `title`, `content`, `image`, `created_at`, `updated_at`) VALUES (:id_user:, :title:, :content:, :image:, :created_at:, :updated_at:)', [...], false)
 5 SYSTEMPATH\Model.php(355): CodeIgniter\Database\BaseBuilder->insert()
 6 SYSTEMPATH\BaseModel.php(899): CodeIgniter\Model->doInsert([...])
 7 SYSTEMPATH\Model.php(668): CodeIgniter\BaseModel->insert([...], true)
 8 APPPATH\Controllers\Blog.php(70): CodeIgniter\Model->insert([...])
 9 SYSTEMPATH\CodeIgniter.php(951): App\Controllers\Blog->storePost()
10 SYSTEMPATH\CodeIgniter.php(497): CodeIgniter\CodeIgniter->runController(Object(App\Controllers\Blog))
11 SYSTEMPATH\CodeIgniter.php(340): CodeIgniter\CodeIgniter->handleRequest(null, Object(Config\Cache), false)
12 SYSTEMPATH\Boot.php(417): CodeIgniter\CodeIgniter->run()
13 SYSTEMPATH\Boot.php(68): CodeIgniter\Boot::runCodeIgniter(Object(CodeIgniter\CodeIgniter))
14 FCPATH\index.php(59): CodeIgniter\Boot::bootWeb(Object(Config\Paths))
15 SYSTEMPATH\rewrite.php(44): require_once('C:\\xampp\\htdocs\\codeigniter_crud\\public\\index.php')
CRITICAL - 2026-05-04 00:49:16 --> CodeIgniter\Database\Exceptions\DatabaseException: Unknown column 'updated_at' in 'field list'
[Method: POST, Route: blog/post]
in SYSTEMPATH\Database\BaseConnection.php on line 865.
 1 SYSTEMPATH\Database\BaseBuilder.php(2345): CodeIgniter\Database\BaseConnection->query('INSERT INTO `posts` (`id_user`, `title`, `content`, `image`, `created_at`, `updated_at`) VALUES (:id_user:, :title:, :content:, :image:, :created_at:, :updated_at:)', [...], false)
 2 SYSTEMPATH\Model.php(355): CodeIgniter\Database\BaseBuilder->insert()
 3 SYSTEMPATH\BaseModel.php(899): CodeIgniter\Model->doInsert([...])
 4 SYSTEMPATH\Model.php(668): CodeIgniter\BaseModel->insert([...], true)
 5 APPPATH\Controllers\Blog.php(70): CodeIgniter\Model->insert([...])
 6 SYSTEMPATH\CodeIgniter.php(951): App\Controllers\Blog->storePost()
 7 SYSTEMPATH\CodeIgniter.php(497): CodeIgniter\CodeIgniter->runController(Object(App\Controllers\Blog))
 8 SYSTEMPATH\CodeIgniter.php(340): CodeIgniter\CodeIgniter->handleRequest(null, Object(Config\Cache), false)
 9 SYSTEMPATH\Boot.php(417): CodeIgniter\CodeIgniter->run()
10 SYSTEMPATH\Boot.php(68): CodeIgniter\Boot::runCodeIgniter(Object(CodeIgniter\CodeIgniter))
11 FCPATH\index.php(59): CodeIgniter\Boot::bootWeb(Object(Config\Paths))
12 SYSTEMPATH\rewrite.php(44): require_once('C:\\xampp\\htdocs\\codeigniter_crud\\public\\index.php')
CRITICAL - 2026-05-04 00:49:16 --> [Caused by] CodeIgniter\Database\Exceptions\DatabaseException: Unknown column 'updated_at' in 'field list'
in SYSTEMPATH\Database\MySQLi\Connection.php on line 310.
 1 SYSTEMPATH\Database\BaseConnection.php(910): CodeIgniter\Database\MySQLi\Connection->execute('INSERT INTO `posts` (`id_user`, `title`, `content`, `image`, `created_at`, `updated_at`) VALUES (\'1\', \'Viltrum\', \'Redesigned the Viltrum Empire symbol. What do you guys think?\', \'1777855756_afc5bfd748af0b1c5793.jpg\', \'2026-05-04 00:49:16\', \'2026-05-04 00:49:16\')')
 2 SYSTEMPATH\Database\BaseConnection.php(827): CodeIgniter\Database\BaseConnection->simpleQuery('INSERT INTO `posts` (`id_user`, `title`, `content`, `image`, `created_at`, `updated_at`) VALUES (\'1\', \'Viltrum\', \'Redesigned the Viltrum Empire symbol. What do you guys think?\', \'1777855756_afc5bfd748af0b1c5793.jpg\', \'2026-05-04 00:49:16\', \'2026-05-04 00:49:16\')')
 3 SYSTEMPATH\Database\BaseBuilder.php(2345): CodeIgniter\Database\BaseConnection->query('INSERT INTO `posts` (`id_user`, `title`, `content`, `image`, `created_at`, `updated_at`) VALUES (:id_user:, :title:, :content:, :image:, :created_at:, :updated_at:)', [...], false)
 4 SYSTEMPATH\Model.php(355): CodeIgniter\Database\BaseBuilder->insert()
 5 SYSTEMPATH\BaseModel.php(899): CodeIgniter\Model->doInsert([...])
 6 SYSTEMPATH\Model.php(668): CodeIgniter\BaseModel->insert([...], true)
 7 APPPATH\Controllers\Blog.php(70): CodeIgniter\Model->insert([...])
 8 SYSTEMPATH\CodeIgniter.php(951): App\Controllers\Blog->storePost()
 9 SYSTEMPATH\CodeIgniter.php(497): CodeIgniter\CodeIgniter->runController(Object(App\Controllers\Blog))
10 SYSTEMPATH\CodeIgniter.php(340): CodeIgniter\CodeIgniter->handleRequest(null, Object(Config\Cache), false)
11 SYSTEMPATH\Boot.php(417): CodeIgniter\CodeIgniter->run()
12 SYSTEMPATH\Boot.php(68): CodeIgniter\Boot::runCodeIgniter(Object(CodeIgniter\CodeIgniter))
13 FCPATH\index.php(59): CodeIgniter\Boot::bootWeb(Object(Config\Paths))
14 SYSTEMPATH\rewrite.php(44): require_once('C:\\xampp\\htdocs\\codeigniter_crud\\public\\index.php')
CRITICAL - 2026-05-04 00:49:16 --> [Caused by] mysqli_sql_exception: Unknown column 'updated_at' in 'field list'
in SYSTEMPATH\Database\MySQLi\Connection.php on line 300.
 1 SYSTEMPATH\Database\MySQLi\Connection.php(300): mysqli->query('INSERT INTO `posts` (`id_user`, `title`, `content`, `image`, `created_at`, `updated_at`) VALUES (\'1\', \'Viltrum\', \'Redesigned the Viltrum Empire symbol. What do you guys think?\', \'1777855756_afc5bfd748af0b1c5793.jpg\', \'2026-05-04 00:49:16\', \'2026-05-04 00:49:16\')', 0)
 2 SYSTEMPATH\Database\BaseConnection.php(910): CodeIgniter\Database\MySQLi\Connection->execute('INSERT INTO `posts` (`id_user`, `title`, `content`, `image`, `created_at`, `updated_at`) VALUES (\'1\', \'Viltrum\', \'Redesigned the Viltrum Empire symbol. What do you guys think?\', \'1777855756_afc5bfd748af0b1c5793.jpg\', \'2026-05-04 00:49:16\', \'2026-05-04 00:49:16\')')
 3 SYSTEMPATH\Database\BaseConnection.php(827): CodeIgniter\Database\BaseConnection->simpleQuery('INSERT INTO `posts` (`id_user`, `title`, `content`, `image`, `created_at`, `updated_at`) VALUES (\'1\', \'Viltrum\', \'Redesigned the Viltrum Empire symbol. What do you guys think?\', \'1777855756_afc5bfd748af0b1c5793.jpg\', \'2026-05-04 00:49:16\', \'2026-05-04 00:49:16\')')
 4 SYSTEMPATH\Database\BaseBuilder.php(2345): CodeIgniter\Database\BaseConnection->query('INSERT INTO `posts` (`id_user`, `title`, `content`, `image`, `created_at`, `updated_at`) VALUES (:id_user:, :title:, :content:, :image:, :created_at:, :updated_at:)', [...], false)
 5 SYSTEMPATH\Model.php(355): CodeIgniter\Database\BaseBuilder->insert()
 6 SYSTEMPATH\BaseModel.php(899): CodeIgniter\Model->doInsert([...])
 7 SYSTEMPATH\Model.php(668): CodeIgniter\BaseModel->insert([...], true)
 8 APPPATH\Controllers\Blog.php(70): CodeIgniter\Model->insert([...])
 9 SYSTEMPATH\CodeIgniter.php(951): App\Controllers\Blog->storePost()
10 SYSTEMPATH\CodeIgniter.php(497): CodeIgniter\CodeIgniter->runController(Object(App\Controllers\Blog))
11 SYSTEMPATH\CodeIgniter.php(340): CodeIgniter\CodeIgniter->handleRequest(null, Object(Config\Cache), false)
12 SYSTEMPATH\Boot.php(417): CodeIgniter\CodeIgniter->run()
13 SYSTEMPATH\Boot.php(68): CodeIgniter\Boot::runCodeIgniter(Object(CodeIgniter\CodeIgniter))
14 FCPATH\index.php(59): CodeIgniter\Boot::bootWeb(Object(Config\Paths))
15 SYSTEMPATH\rewrite.php(44): require_once('C:\\xampp\\htdocs\\codeigniter_crud\\public\\index.php')
ERROR - 2026-05-04 00:50:38 --> Unknown column 'updated_at' in 'field list'
in SYSTEMPATH\Database\MySQLi\Connection.php on line 300.
 1 SYSTEMPATH\Database\MySQLi\Connection.php(300): mysqli->query('INSERT INTO `posts` (`id_user`, `title`, `content`, `image`, `created_at`, `updated_at`) VALUES (\'1\', \'Viltrum\', \'Redesigned the Viltrum Empire symbol. What do you guys think?\', \'1777855838_3a33dc41db71cafb7fd1.jpg\', \'2026-05-04 00:50:38\', \'2026-05-04 00:50:38\')', 0)
 2 SYSTEMPATH\Database\BaseConnection.php(910): CodeIgniter\Database\MySQLi\Connection->execute('INSERT INTO `posts` (`id_user`, `title`, `content`, `image`, `created_at`, `updated_at`) VALUES (\'1\', \'Viltrum\', \'Redesigned the Viltrum Empire symbol. What do you guys think?\', \'1777855838_3a33dc41db71cafb7fd1.jpg\', \'2026-05-04 00:50:38\', \'2026-05-04 00:50:38\')')
 3 SYSTEMPATH\Database\BaseConnection.php(827): CodeIgniter\Database\BaseConnection->simpleQuery('INSERT INTO `posts` (`id_user`, `title`, `content`, `image`, `created_at`, `updated_at`) VALUES (\'1\', \'Viltrum\', \'Redesigned the Viltrum Empire symbol. What do you guys think?\', \'1777855838_3a33dc41db71cafb7fd1.jpg\', \'2026-05-04 00:50:38\', \'2026-05-04 00:50:38\')')
 4 SYSTEMPATH\Database\BaseBuilder.php(2345): CodeIgniter\Database\BaseConnection->query('INSERT INTO `posts` (`id_user`, `title`, `content`, `image`, `created_at`, `updated_at`) VALUES (:id_user:, :title:, :content:, :image:, :created_at:, :updated_at:)', [...], false)
 5 SYSTEMPATH\Model.php(355): CodeIgniter\Database\BaseBuilder->insert()
 6 SYSTEMPATH\BaseModel.php(899): CodeIgniter\Model->doInsert([...])
 7 SYSTEMPATH\Model.php(668): CodeIgniter\BaseModel->insert([...], true)
 8 APPPATH\Controllers\Blog.php(70): CodeIgniter\Model->insert([...])
 9 SYSTEMPATH\CodeIgniter.php(951): App\Controllers\Blog->storePost()
10 SYSTEMPATH\CodeIgniter.php(497): CodeIgniter\CodeIgniter->runController(Object(App\Controllers\Blog))
11 SYSTEMPATH\CodeIgniter.php(340): CodeIgniter\CodeIgniter->handleRequest(null, Object(Config\Cache), false)
12 SYSTEMPATH\Boot.php(417): CodeIgniter\CodeIgniter->run()
13 SYSTEMPATH\Boot.php(68): CodeIgniter\Boot::runCodeIgniter(Object(CodeIgniter\CodeIgniter))
14 FCPATH\index.php(59): CodeIgniter\Boot::bootWeb(Object(Config\Paths))
15 SYSTEMPATH\rewrite.php(44): require_once('C:\\xampp\\htdocs\\codeigniter_crud\\public\\index.php')
CRITICAL - 2026-05-04 00:50:38 --> CodeIgniter\Database\Exceptions\DatabaseException: Unknown column 'updated_at' in 'field list'
[Method: POST, Route: blog/post]
in SYSTEMPATH\Database\BaseConnection.php on line 865.
 1 SYSTEMPATH\Database\BaseBuilder.php(2345): CodeIgniter\Database\BaseConnection->query('INSERT INTO `posts` (`id_user`, `title`, `content`, `image`, `created_at`, `updated_at`) VALUES (:id_user:, :title:, :content:, :image:, :created_at:, :updated_at:)', [...], false)
 2 SYSTEMPATH\Model.php(355): CodeIgniter\Database\BaseBuilder->insert()
 3 SYSTEMPATH\BaseModel.php(899): CodeIgniter\Model->doInsert([...])
 4 SYSTEMPATH\Model.php(668): CodeIgniter\BaseModel->insert([...], true)
 5 APPPATH\Controllers\Blog.php(70): CodeIgniter\Model->insert([...])
 6 SYSTEMPATH\CodeIgniter.php(951): App\Controllers\Blog->storePost()
 7 SYSTEMPATH\CodeIgniter.php(497): CodeIgniter\CodeIgniter->runController(Object(App\Controllers\Blog))
 8 SYSTEMPATH\CodeIgniter.php(340): CodeIgniter\CodeIgniter->handleRequest(null, Object(Config\Cache), false)
 9 SYSTEMPATH\Boot.php(417): CodeIgniter\CodeIgniter->run()
10 SYSTEMPATH\Boot.php(68): CodeIgniter\Boot::runCodeIgniter(Object(CodeIgniter\CodeIgniter))
11 FCPATH\index.php(59): CodeIgniter\Boot::bootWeb(Object(Config\Paths))
12 SYSTEMPATH\rewrite.php(44): require_once('C:\\xampp\\htdocs\\codeigniter_crud\\public\\index.php')
CRITICAL - 2026-05-04 00:50:38 --> [Caused by] CodeIgniter\Database\Exceptions\DatabaseException: Unknown column 'updated_at' in 'field list'
in SYSTEMPATH\Database\MySQLi\Connection.php on line 310.
 1 SYSTEMPATH\Database\BaseConnection.php(910): CodeIgniter\Database\MySQLi\Connection->execute('INSERT INTO `posts` (`id_user`, `title`, `content`, `image`, `created_at`, `updated_at`) VALUES (\'1\', \'Viltrum\', \'Redesigned the Viltrum Empire symbol. What do you guys think?\', \'1777855838_3a33dc41db71cafb7fd1.jpg\', \'2026-05-04 00:50:38\', \'2026-05-04 00:50:38\')')
 2 SYSTEMPATH\Database\BaseConnection.php(827): CodeIgniter\Database\BaseConnection->simpleQuery('INSERT INTO `posts` (`id_user`, `title`, `content`, `image`, `created_at`, `updated_at`) VALUES (\'1\', \'Viltrum\', \'Redesigned the Viltrum Empire symbol. What do you guys think?\', \'1777855838_3a33dc41db71cafb7fd1.jpg\', \'2026-05-04 00:50:38\', \'2026-05-04 00:50:38\')')
 3 SYSTEMPATH\Database\BaseBuilder.php(2345): CodeIgniter\Database\BaseConnection->query('INSERT INTO `posts` (`id_user`, `title`, `content`, `image`, `created_at`, `updated_at`) VALUES (:id_user:, :title:, :content:, :image:, :created_at:, :updated_at:)', [...], false)
 4 SYSTEMPATH\Model.php(355): CodeIgniter\Database\BaseBuilder->insert()
 5 SYSTEMPATH\BaseModel.php(899): CodeIgniter\Model->doInsert([...])
 6 SYSTEMPATH\Model.php(668): CodeIgniter\BaseModel->insert([...], true)
 7 APPPATH\Controllers\Blog.php(70): CodeIgniter\Model->insert([...])
 8 SYSTEMPATH\CodeIgniter.php(951): App\Controllers\Blog->storePost()
 9 SYSTEMPATH\CodeIgniter.php(497): CodeIgniter\CodeIgniter->runController(Object(App\Controllers\Blog))
10 SYSTEMPATH\CodeIgniter.php(340): CodeIgniter\CodeIgniter->handleRequest(null, Object(Config\Cache), false)
11 SYSTEMPATH\Boot.php(417): CodeIgniter\CodeIgniter->run()
12 SYSTEMPATH\Boot.php(68): CodeIgniter\Boot::runCodeIgniter(Object(CodeIgniter\CodeIgniter))
13 FCPATH\index.php(59): CodeIgniter\Boot::bootWeb(Object(Config\Paths))
14 SYSTEMPATH\rewrite.php(44): require_once('C:\\xampp\\htdocs\\codeigniter_crud\\public\\index.php')
CRITICAL - 2026-05-04 00:50:38 --> [Caused by] mysqli_sql_exception: Unknown column 'updated_at' in 'field list'
in SYSTEMPATH\Database\MySQLi\Connection.php on line 300.
 1 SYSTEMPATH\Database\MySQLi\Connection.php(300): mysqli->query('INSERT INTO `posts` (`id_user`, `title`, `content`, `image`, `created_at`, `updated_at`) VALUES (\'1\', \'Viltrum\', \'Redesigned the Viltrum Empire symbol. What do you guys think?\', \'1777855838_3a33dc41db71cafb7fd1.jpg\', \'2026-05-04 00:50:38\', \'2026-05-04 00:50:38\')', 0)
 2 SYSTEMPATH\Database\BaseConnection.php(910): CodeIgniter\Database\MySQLi\Connection->execute('INSERT INTO `posts` (`id_user`, `title`, `content`, `image`, `created_at`, `updated_at`) VALUES (\'1\', \'Viltrum\', \'Redesigned the Viltrum Empire symbol. What do you guys think?\', \'1777855838_3a33dc41db71cafb7fd1.jpg\', \'2026-05-04 00:50:38\', \'2026-05-04 00:50:38\')')
 3 SYSTEMPATH\Database\BaseConnection.php(827): CodeIgniter\Database\BaseConnection->simpleQuery('INSERT INTO `posts` (`id_user`, `title`, `content`, `image`, `created_at`, `updated_at`) VALUES (\'1\', \'Viltrum\', \'Redesigned the Viltrum Empire symbol. What do you guys think?\', \'1777855838_3a33dc41db71cafb7fd1.jpg\', \'2026-05-04 00:50:38\', \'2026-05-04 00:50:38\')')
 4 SYSTEMPATH\Database\BaseBuilder.php(2345): CodeIgniter\Database\BaseConnection->query('INSERT INTO `posts` (`id_user`, `title`, `content`, `image`, `created_at`, `updated_at`) VALUES (:id_user:, :title:, :content:, :image:, :created_at:, :updated_at:)', [...], false)
 5 SYSTEMPATH\Model.php(355): CodeIgniter\Database\BaseBuilder->insert()
 6 SYSTEMPATH\BaseModel.php(899): CodeIgniter\Model->doInsert([...])
 7 SYSTEMPATH\Model.php(668): CodeIgniter\BaseModel->insert([...], true)
 8 APPPATH\Controllers\Blog.php(70): CodeIgniter\Model->insert([...])
 9 SYSTEMPATH\CodeIgniter.php(951): App\Controllers\Blog->storePost()
10 SYSTEMPATH\CodeIgniter.php(497): CodeIgniter\CodeIgniter->runController(Object(App\Controllers\Blog))
11 SYSTEMPATH\CodeIgniter.php(340): CodeIgniter\CodeIgniter->handleRequest(null, Object(Config\Cache), false)
12 SYSTEMPATH\Boot.php(417): CodeIgniter\CodeIgniter->run()
13 SYSTEMPATH\Boot.php(68): CodeIgniter\Boot::runCodeIgniter(Object(CodeIgniter\CodeIgniter))
14 FCPATH\index.php(59): CodeIgniter\Boot::bootWeb(Object(Config\Paths))
15 SYSTEMPATH\rewrite.php(44): require_once('C:\\xampp\\htdocs\\codeigniter_crud\\public\\index.php')
ERROR - 2026-05-04 00:51:48 --> Unknown column 'updated_at' in 'field list'
in SYSTEMPATH\Database\MySQLi\Connection.php on line 300.
 1 SYSTEMPATH\Database\MySQLi\Connection.php(300): mysqli->query('INSERT INTO `posts` (`id_user`, `title`, `content`, `image`, `created_at`, `updated_at`) VALUES (\'1\', \'Viltrum\', \'Redesigned the Viltrum Empire symbol. What do you guys think?\', \'1777855908_eb5c85e0568512a1d9b0.jpg\', \'2026-05-04 00:51:48\', \'2026-05-04 00:51:48\')', 0)
 2 SYSTEMPATH\Database\BaseConnection.php(910): CodeIgniter\Database\MySQLi\Connection->execute('INSERT INTO `posts` (`id_user`, `title`, `content`, `image`, `created_at`, `updated_at`) VALUES (\'1\', \'Viltrum\', \'Redesigned the Viltrum Empire symbol. What do you guys think?\', \'1777855908_eb5c85e0568512a1d9b0.jpg\', \'2026-05-04 00:51:48\', \'2026-05-04 00:51:48\')')
 3 SYSTEMPATH\Database\BaseConnection.php(827): CodeIgniter\Database\BaseConnection->simpleQuery('INSERT INTO `posts` (`id_user`, `title`, `content`, `image`, `created_at`, `updated_at`) VALUES (\'1\', \'Viltrum\', \'Redesigned the Viltrum Empire symbol. What do you guys think?\', \'1777855908_eb5c85e0568512a1d9b0.jpg\', \'2026-05-04 00:51:48\', \'2026-05-04 00:51:48\')')
 4 SYSTEMPATH\Database\BaseBuilder.php(2345): CodeIgniter\Database\BaseConnection->query('INSERT INTO `posts` (`id_user`, `title`, `content`, `image`, `created_at`, `updated_at`) VALUES (:id_user:, :title:, :content:, :image:, :created_at:, :updated_at:)', [...], false)
 5 SYSTEMPATH\Model.php(355): CodeIgniter\Database\BaseBuilder->insert()
 6 SYSTEMPATH\BaseModel.php(899): CodeIgniter\Model->doInsert([...])
 7 SYSTEMPATH\Model.php(668): CodeIgniter\BaseModel->insert([...], true)
 8 APPPATH\Controllers\Blog.php(70): CodeIgniter\Model->insert([...])
 9 SYSTEMPATH\CodeIgniter.php(951): App\Controllers\Blog->storePost()
10 SYSTEMPATH\CodeIgniter.php(497): CodeIgniter\CodeIgniter->runController(Object(App\Controllers\Blog))
11 SYSTEMPATH\CodeIgniter.php(340): CodeIgniter\CodeIgniter->handleRequest(null, Object(Config\Cache), false)
12 SYSTEMPATH\Boot.php(417): CodeIgniter\CodeIgniter->run()
13 SYSTEMPATH\Boot.php(68): CodeIgniter\Boot::runCodeIgniter(Object(CodeIgniter\CodeIgniter))
14 FCPATH\index.php(59): CodeIgniter\Boot::bootWeb(Object(Config\Paths))
15 SYSTEMPATH\rewrite.php(44): require_once('C:\\xampp\\htdocs\\codeigniter_crud\\public\\index.php')
CRITICAL - 2026-05-04 00:51:48 --> CodeIgniter\Database\Exceptions\DatabaseException: Unknown column 'updated_at' in 'field list'
[Method: POST, Route: blog/post]
in SYSTEMPATH\Database\BaseConnection.php on line 865.
 1 SYSTEMPATH\Database\BaseBuilder.php(2345): CodeIgniter\Database\BaseConnection->query('INSERT INTO `posts` (`id_user`, `title`, `content`, `image`, `created_at`, `updated_at`) VALUES (:id_user:, :title:, :content:, :image:, :created_at:, :updated_at:)', [...], false)
 2 SYSTEMPATH\Model.php(355): CodeIgniter\Database\BaseBuilder->insert()
 3 SYSTEMPATH\BaseModel.php(899): CodeIgniter\Model->doInsert([...])
 4 SYSTEMPATH\Model.php(668): CodeIgniter\BaseModel->insert([...], true)
 5 APPPATH\Controllers\Blog.php(70): CodeIgniter\Model->insert([...])
 6 SYSTEMPATH\CodeIgniter.php(951): App\Controllers\Blog->storePost()
 7 SYSTEMPATH\CodeIgniter.php(497): CodeIgniter\CodeIgniter->runController(Object(App\Controllers\Blog))
 8 SYSTEMPATH\CodeIgniter.php(340): CodeIgniter\CodeIgniter->handleRequest(null, Object(Config\Cache), false)
 9 SYSTEMPATH\Boot.php(417): CodeIgniter\CodeIgniter->run()
10 SYSTEMPATH\Boot.php(68): CodeIgniter\Boot::runCodeIgniter(Object(CodeIgniter\CodeIgniter))
11 FCPATH\index.php(59): CodeIgniter\Boot::bootWeb(Object(Config\Paths))
12 SYSTEMPATH\rewrite.php(44): require_once('C:\\xampp\\htdocs\\codeigniter_crud\\public\\index.php')
CRITICAL - 2026-05-04 00:51:48 --> [Caused by] CodeIgniter\Database\Exceptions\DatabaseException: Unknown column 'updated_at' in 'field list'
in SYSTEMPATH\Database\MySQLi\Connection.php on line 310.
 1 SYSTEMPATH\Database\BaseConnection.php(910): CodeIgniter\Database\MySQLi\Connection->execute('INSERT INTO `posts` (`id_user`, `title`, `content`, `image`, `created_at`, `updated_at`) VALUES (\'1\', \'Viltrum\', \'Redesigned the Viltrum Empire symbol. What do you guys think?\', \'1777855908_eb5c85e0568512a1d9b0.jpg\', \'2026-05-04 00:51:48\', \'2026-05-04 00:51:48\')')
 2 SYSTEMPATH\Database\BaseConnection.php(827): CodeIgniter\Database\BaseConnection->simpleQuery('INSERT INTO `posts` (`id_user`, `title`, `content`, `image`, `created_at`, `updated_at`) VALUES (\'1\', \'Viltrum\', \'Redesigned the Viltrum Empire symbol. What do you guys think?\', \'1777855908_eb5c85e0568512a1d9b0.jpg\', \'2026-05-04 00:51:48\', \'2026-05-04 00:51:48\')')
 3 SYSTEMPATH\Database\BaseBuilder.php(2345): CodeIgniter\Database\BaseConnection->query('INSERT INTO `posts` (`id_user`, `title`, `content`, `image`, `created_at`, `updated_at`) VALUES (:id_user:, :title:, :content:, :image:, :created_at:, :updated_at:)', [...], false)
 4 SYSTEMPATH\Model.php(355): CodeIgniter\Database\BaseBuilder->insert()
 5 SYSTEMPATH\BaseModel.php(899): CodeIgniter\Model->doInsert([...])
 6 SYSTEMPATH\Model.php(668): CodeIgniter\BaseModel->insert([...], true)
 7 APPPATH\Controllers\Blog.php(70): CodeIgniter\Model->insert([...])
 8 SYSTEMPATH\CodeIgniter.php(951): App\Controllers\Blog->storePost()
 9 SYSTEMPATH\CodeIgniter.php(497): CodeIgniter\CodeIgniter->runController(Object(App\Controllers\Blog))
10 SYSTEMPATH\CodeIgniter.php(340): CodeIgniter\CodeIgniter->handleRequest(null, Object(Config\Cache), false)
11 SYSTEMPATH\Boot.php(417): CodeIgniter\CodeIgniter->run()
12 SYSTEMPATH\Boot.php(68): CodeIgniter\Boot::runCodeIgniter(Object(CodeIgniter\CodeIgniter))
13 FCPATH\index.php(59): CodeIgniter\Boot::bootWeb(Object(Config\Paths))
14 SYSTEMPATH\rewrite.php(44): require_once('C:\\xampp\\htdocs\\codeigniter_crud\\public\\index.php')
CRITICAL - 2026-05-04 00:51:48 --> [Caused by] mysqli_sql_exception: Unknown column 'updated_at' in 'field list'
in SYSTEMPATH\Database\MySQLi\Connection.php on line 300.
 1 SYSTEMPATH\Database\MySQLi\Connection.php(300): mysqli->query('INSERT INTO `posts` (`id_user`, `title`, `content`, `image`, `created_at`, `updated_at`) VALUES (\'1\', \'Viltrum\', \'Redesigned the Viltrum Empire symbol. What do you guys think?\', \'1777855908_eb5c85e0568512a1d9b0.jpg\', \'2026-05-04 00:51:48\', \'2026-05-04 00:51:48\')', 0)
 2 SYSTEMPATH\Database\BaseConnection.php(910): CodeIgniter\Database\MySQLi\Connection->execute('INSERT INTO `posts` (`id_user`, `title`, `content`, `image`, `created_at`, `updated_at`) VALUES (\'1\', \'Viltrum\', \'Redesigned the Viltrum Empire symbol. What do you guys think?\', \'1777855908_eb5c85e0568512a1d9b0.jpg\', \'2026-05-04 00:51:48\', \'2026-05-04 00:51:48\')')
 3 SYSTEMPATH\Database\BaseConnection.php(827): CodeIgniter\Database\BaseConnection->simpleQuery('INSERT INTO `posts` (`id_user`, `title`, `content`, `image`, `created_at`, `updated_at`) VALUES (\'1\', \'Viltrum\', \'Redesigned the Viltrum Empire symbol. What do you guys think?\', \'1777855908_eb5c85e0568512a1d9b0.jpg\', \'2026-05-04 00:51:48\', \'2026-05-04 00:51:48\')')
 4 SYSTEMPATH\Database\BaseBuilder.php(2345): CodeIgniter\Database\BaseConnection->query('INSERT INTO `posts` (`id_user`, `title`, `content`, `image`, `created_at`, `updated_at`) VALUES (:id_user:, :title:, :content:, :image:, :created_at:, :updated_at:)', [...], false)
 5 SYSTEMPATH\Model.php(355): CodeIgniter\Database\BaseBuilder->insert()
 6 SYSTEMPATH\BaseModel.php(899): CodeIgniter\Model->doInsert([...])
 7 SYSTEMPATH\Model.php(668): CodeIgniter\BaseModel->insert([...], true)
 8 APPPATH\Controllers\Blog.php(70): CodeIgniter\Model->insert([...])
 9 SYSTEMPATH\CodeIgniter.php(951): App\Controllers\Blog->storePost()
10 SYSTEMPATH\CodeIgniter.php(497): CodeIgniter\CodeIgniter->runController(Object(App\Controllers\Blog))
11 SYSTEMPATH\CodeIgniter.php(340): CodeIgniter\CodeIgniter->handleRequest(null, Object(Config\Cache), false)
12 SYSTEMPATH\Boot.php(417): CodeIgniter\CodeIgniter->run()
13 SYSTEMPATH\Boot.php(68): CodeIgniter\Boot::runCodeIgniter(Object(CodeIgniter\CodeIgniter))
14 FCPATH\index.php(59): CodeIgniter\Boot::bootWeb(Object(Config\Paths))
15 SYSTEMPATH\rewrite.php(44): require_once('C:\\xampp\\htdocs\\codeigniter_crud\\public\\index.php')
ERROR - 2026-05-04 00:52:47 --> Unknown column 'updated_at' in 'field list'
in SYSTEMPATH\Database\MySQLi\Connection.php on line 300.
 1 SYSTEMPATH\Database\MySQLi\Connection.php(300): mysqli->query('INSERT INTO `posts` (`id_user`, `title`, `content`, `image`, `created_at`, `updated_at`) VALUES (\'1\', \'Time Ago\', \'agg<gd<gdsgds<gdghfdhfdh\', NULL, \'2026-05-04 00:52:47\', \'2026-05-04 00:52:47\')', 0)
 2 SYSTEMPATH\Database\BaseConnection.php(910): CodeIgniter\Database\MySQLi\Connection->execute('INSERT INTO `posts` (`id_user`, `title`, `content`, `image`, `created_at`, `updated_at`) VALUES (\'1\', \'Time Ago\', \'agg<gd<gdsgds<gdghfdhfdh\', NULL, \'2026-05-04 00:52:47\', \'2026-05-04 00:52:47\')')
 3 SYSTEMPATH\Database\BaseConnection.php(827): CodeIgniter\Database\BaseConnection->simpleQuery('INSERT INTO `posts` (`id_user`, `title`, `content`, `image`, `created_at`, `updated_at`) VALUES (\'1\', \'Time Ago\', \'agg<gd<gdsgds<gdghfdhfdh\', NULL, \'2026-05-04 00:52:47\', \'2026-05-04 00:52:47\')')
 4 SYSTEMPATH\Database\BaseBuilder.php(2345): CodeIgniter\Database\BaseConnection->query('INSERT INTO `posts` (`id_user`, `title`, `content`, `image`, `created_at`, `updated_at`) VALUES (:id_user:, :title:, :content:, :image:, :created_at:, :updated_at:)', [...], false)
 5 SYSTEMPATH\Model.php(355): CodeIgniter\Database\BaseBuilder->insert()
 6 SYSTEMPATH\BaseModel.php(899): CodeIgniter\Model->doInsert([...])
 7 SYSTEMPATH\Model.php(668): CodeIgniter\BaseModel->insert([...], true)
 8 APPPATH\Controllers\Blog.php(70): CodeIgniter\Model->insert([...])
 9 SYSTEMPATH\CodeIgniter.php(951): App\Controllers\Blog->storePost()
10 SYSTEMPATH\CodeIgniter.php(497): CodeIgniter\CodeIgniter->runController(Object(App\Controllers\Blog))
11 SYSTEMPATH\CodeIgniter.php(340): CodeIgniter\CodeIgniter->handleRequest(null, Object(Config\Cache), false)
12 SYSTEMPATH\Boot.php(417): CodeIgniter\CodeIgniter->run()
13 SYSTEMPATH\Boot.php(68): CodeIgniter\Boot::runCodeIgniter(Object(CodeIgniter\CodeIgniter))
14 FCPATH\index.php(59): CodeIgniter\Boot::bootWeb(Object(Config\Paths))
15 SYSTEMPATH\rewrite.php(44): require_once('C:\\xampp\\htdocs\\codeigniter_crud\\public\\index.php')
CRITICAL - 2026-05-04 00:52:47 --> CodeIgniter\Database\Exceptions\DatabaseException: Unknown column 'updated_at' in 'field list'
[Method: POST, Route: blog/post]
in SYSTEMPATH\Database\BaseConnection.php on line 865.
 1 SYSTEMPATH\Database\BaseBuilder.php(2345): CodeIgniter\Database\BaseConnection->query('INSERT INTO `posts` (`id_user`, `title`, `content`, `image`, `created_at`, `updated_at`) VALUES (:id_user:, :title:, :content:, :image:, :created_at:, :updated_at:)', [...], false)
 2 SYSTEMPATH\Model.php(355): CodeIgniter\Database\BaseBuilder->insert()
 3 SYSTEMPATH\BaseModel.php(899): CodeIgniter\Model->doInsert([...])
 4 SYSTEMPATH\Model.php(668): CodeIgniter\BaseModel->insert([...], true)
 5 APPPATH\Controllers\Blog.php(70): CodeIgniter\Model->insert([...])
 6 SYSTEMPATH\CodeIgniter.php(951): App\Controllers\Blog->storePost()
 7 SYSTEMPATH\CodeIgniter.php(497): CodeIgniter\CodeIgniter->runController(Object(App\Controllers\Blog))
 8 SYSTEMPATH\CodeIgniter.php(340): CodeIgniter\CodeIgniter->handleRequest(null, Object(Config\Cache), false)
 9 SYSTEMPATH\Boot.php(417): CodeIgniter\CodeIgniter->run()
10 SYSTEMPATH\Boot.php(68): CodeIgniter\Boot::runCodeIgniter(Object(CodeIgniter\CodeIgniter))
11 FCPATH\index.php(59): CodeIgniter\Boot::bootWeb(Object(Config\Paths))
12 SYSTEMPATH\rewrite.php(44): require_once('C:\\xampp\\htdocs\\codeigniter_crud\\public\\index.php')
CRITICAL - 2026-05-04 00:52:47 --> [Caused by] CodeIgniter\Database\Exceptions\DatabaseException: Unknown column 'updated_at' in 'field list'
in SYSTEMPATH\Database\MySQLi\Connection.php on line 310.
 1 SYSTEMPATH\Database\BaseConnection.php(910): CodeIgniter\Database\MySQLi\Connection->execute('INSERT INTO `posts` (`id_user`, `title`, `content`, `image`, `created_at`, `updated_at`) VALUES (\'1\', \'Time Ago\', \'agg<gd<gdsgds<gdghfdhfdh\', NULL, \'2026-05-04 00:52:47\', \'2026-05-04 00:52:47\')')
 2 SYSTEMPATH\Database\BaseConnection.php(827): CodeIgniter\Database\BaseConnection->simpleQuery('INSERT INTO `posts` (`id_user`, `title`, `content`, `image`, `created_at`, `updated_at`) VALUES (\'1\', \'Time Ago\', \'agg<gd<gdsgds<gdghfdhfdh\', NULL, \'2026-05-04 00:52:47\', \'2026-05-04 00:52:47\')')
 3 SYSTEMPATH\Database\BaseBuilder.php(2345): CodeIgniter\Database\BaseConnection->query('INSERT INTO `posts` (`id_user`, `title`, `content`, `image`, `created_at`, `updated_at`) VALUES (:id_user:, :title:, :content:, :image:, :created_at:, :updated_at:)', [...], false)
 4 SYSTEMPATH\Model.php(355): CodeIgniter\Database\BaseBuilder->insert()
 5 SYSTEMPATH\BaseModel.php(899): CodeIgniter\Model->doInsert([...])
 6 SYSTEMPATH\Model.php(668): CodeIgniter\BaseModel->insert([...], true)
 7 APPPATH\Controllers\Blog.php(70): CodeIgniter\Model->insert([...])
 8 SYSTEMPATH\CodeIgniter.php(951): App\Controllers\Blog->storePost()
 9 SYSTEMPATH\CodeIgniter.php(497): CodeIgniter\CodeIgniter->runController(Object(App\Controllers\Blog))
10 SYSTEMPATH\CodeIgniter.php(340): CodeIgniter\CodeIgniter->handleRequest(null, Object(Config\Cache), false)
11 SYSTEMPATH\Boot.php(417): CodeIgniter\CodeIgniter->run()
12 SYSTEMPATH\Boot.php(68): CodeIgniter\Boot::runCodeIgniter(Object(CodeIgniter\CodeIgniter))
13 FCPATH\index.php(59): CodeIgniter\Boot::bootWeb(Object(Config\Paths))
14 SYSTEMPATH\rewrite.php(44): require_once('C:\\xampp\\htdocs\\codeigniter_crud\\public\\index.php')
CRITICAL - 2026-05-04 00:52:47 --> [Caused by] mysqli_sql_exception: Unknown column 'updated_at' in 'field list'
in SYSTEMPATH\Database\MySQLi\Connection.php on line 300.
 1 SYSTEMPATH\Database\MySQLi\Connection.php(300): mysqli->query('INSERT INTO `posts` (`id_user`, `title`, `content`, `image`, `created_at`, `updated_at`) VALUES (\'1\', \'Time Ago\', \'agg<gd<gdsgds<gdghfdhfdh\', NULL, \'2026-05-04 00:52:47\', \'2026-05-04 00:52:47\')', 0)
 2 SYSTEMPATH\Database\BaseConnection.php(910): CodeIgniter\Database\MySQLi\Connection->execute('INSERT INTO `posts` (`id_user`, `title`, `content`, `image`, `created_at`, `updated_at`) VALUES (\'1\', \'Time Ago\', \'agg<gd<gdsgds<gdghfdhfdh\', NULL, \'2026-05-04 00:52:47\', \'2026-05-04 00:52:47\')')
 3 SYSTEMPATH\Database\BaseConnection.php(827): CodeIgniter\Database\BaseConnection->simpleQuery('INSERT INTO `posts` (`id_user`, `title`, `content`, `image`, `created_at`, `updated_at`) VALUES (\'1\', \'Time Ago\', \'agg<gd<gdsgds<gdghfdhfdh\', NULL, \'2026-05-04 00:52:47\', \'2026-05-04 00:52:47\')')
 4 SYSTEMPATH\Database\BaseBuilder.php(2345): CodeIgniter\Database\BaseConnection->query('INSERT INTO `posts` (`id_user`, `title`, `content`, `image`, `created_at`, `updated_at`) VALUES (:id_user:, :title:, :content:, :image:, :created_at:, :updated_at:)', [...], false)
 5 SYSTEMPATH\Model.php(355): CodeIgniter\Database\BaseBuilder->insert()
 6 SYSTEMPATH\BaseModel.php(899): CodeIgniter\Model->doInsert([...])
 7 SYSTEMPATH\Model.php(668): CodeIgniter\BaseModel->insert([...], true)
 8 APPPATH\Controllers\Blog.php(70): CodeIgniter\Model->insert([...])
 9 SYSTEMPATH\CodeIgniter.php(951): App\Controllers\Blog->storePost()
10 SYSTEMPATH\CodeIgniter.php(497): CodeIgniter\CodeIgniter->runController(Object(App\Controllers\Blog))
11 SYSTEMPATH\CodeIgniter.php(340): CodeIgniter\CodeIgniter->handleRequest(null, Object(Config\Cache), false)
12 SYSTEMPATH\Boot.php(417): CodeIgniter\CodeIgniter->run()
13 SYSTEMPATH\Boot.php(68): CodeIgniter\Boot::runCodeIgniter(Object(CodeIgniter\CodeIgniter))
14 FCPATH\index.php(59): CodeIgniter\Boot::bootWeb(Object(Config\Paths))
15 SYSTEMPATH\rewrite.php(44): require_once('C:\\xampp\\htdocs\\codeigniter_crud\\public\\index.php')
INFO - 2026-05-04 00:54:20 --> CSRF token verified.
DEBUG - 2026-05-04 00:54:20 --> Session: Class initialized using 'CodeIgniter\Session\Handlers\FileHandler' driver.
ERROR - 2026-05-04 00:54:20 --> Unknown column 'updated_at' in 'field list'
in SYSTEMPATH\Database\MySQLi\Connection.php on line 300.
 1 SYSTEMPATH\Database\MySQLi\Connection.php(300): mysqli->query('INSERT INTO `posts` (`id_user`, `title`, `content`, `image`, `created_at`, `updated_at`) VALUES (\'1\', \'Time Ago\', \'agg<gd<gdsgds<gdghfdhfdh\', NULL, \'2026-05-04 00:54:20\', \'2026-05-04 00:54:20\')', 0)
 2 SYSTEMPATH\Database\BaseConnection.php(910): CodeIgniter\Database\MySQLi\Connection->execute('INSERT INTO `posts` (`id_user`, `title`, `content`, `image`, `created_at`, `updated_at`) VALUES (\'1\', \'Time Ago\', \'agg<gd<gdsgds<gdghfdhfdh\', NULL, \'2026-05-04 00:54:20\', \'2026-05-04 00:54:20\')')
 3 SYSTEMPATH\Database\BaseConnection.php(827): CodeIgniter\Database\BaseConnection->simpleQuery('INSERT INTO `posts` (`id_user`, `title`, `content`, `image`, `created_at`, `updated_at`) VALUES (\'1\', \'Time Ago\', \'agg<gd<gdsgds<gdghfdhfdh\', NULL, \'2026-05-04 00:54:20\', \'2026-05-04 00:54:20\')')
 4 SYSTEMPATH\Database\BaseBuilder.php(2345): CodeIgniter\Database\BaseConnection->query('INSERT INTO `posts` (`id_user`, `title`, `content`, `image`, `created_at`, `updated_at`) VALUES (:id_user:, :title:, :content:, :image:, :created_at:, :updated_at:)', [...], false)
 5 SYSTEMPATH\Model.php(355): CodeIgniter\Database\BaseBuilder->insert()
 6 SYSTEMPATH\BaseModel.php(899): CodeIgniter\Model->doInsert([...])
 7 SYSTEMPATH\Model.php(668): CodeIgniter\BaseModel->insert([...], true)
 8 APPPATH\Controllers\Blog.php(70): CodeIgniter\Model->insert([...])
 9 SYSTEMPATH\CodeIgniter.php(951): App\Controllers\Blog->storePost()
10 SYSTEMPATH\CodeIgniter.php(497): CodeIgniter\CodeIgniter->runController(Object(App\Controllers\Blog))
11 SYSTEMPATH\CodeIgniter.php(340): CodeIgniter\CodeIgniter->handleRequest(null, Object(Config\Cache), false)
12 SYSTEMPATH\Boot.php(417): CodeIgniter\CodeIgniter->run()
13 SYSTEMPATH\Boot.php(68): CodeIgniter\Boot::runCodeIgniter(Object(CodeIgniter\CodeIgniter))
14 FCPATH\index.php(59): CodeIgniter\Boot::bootWeb(Object(Config\Paths))
15 SYSTEMPATH\rewrite.php(44): require_once('C:\\xampp\\htdocs\\codeigniter_crud\\public\\index.php')
CRITICAL - 2026-05-04 00:54:20 --> CodeIgniter\Database\Exceptions\DatabaseException: Unknown column 'updated_at' in 'field list'
[Method: POST, Route: blog/post]
in SYSTEMPATH\Database\BaseConnection.php on line 865.
 1 SYSTEMPATH\Database\BaseBuilder.php(2345): CodeIgniter\Database\BaseConnection->query('INSERT INTO `posts` (`id_user`, `title`, `content`, `image`, `created_at`, `updated_at`) VALUES (:id_user:, :title:, :content:, :image:, :created_at:, :updated_at:)', [...], false)
 2 SYSTEMPATH\Model.php(355): CodeIgniter\Database\BaseBuilder->insert()
 3 SYSTEMPATH\BaseModel.php(899): CodeIgniter\Model->doInsert([...])
 4 SYSTEMPATH\Model.php(668): CodeIgniter\BaseModel->insert([...], true)
 5 APPPATH\Controllers\Blog.php(70): CodeIgniter\Model->insert([...])
 6 SYSTEMPATH\CodeIgniter.php(951): App\Controllers\Blog->storePost()
 7 SYSTEMPATH\CodeIgniter.php(497): CodeIgniter\CodeIgniter->runController(Object(App\Controllers\Blog))
 8 SYSTEMPATH\CodeIgniter.php(340): CodeIgniter\CodeIgniter->handleRequest(null, Object(Config\Cache), false)
 9 SYSTEMPATH\Boot.php(417): CodeIgniter\CodeIgniter->run()
10 SYSTEMPATH\Boot.php(68): CodeIgniter\Boot::runCodeIgniter(Object(CodeIgniter\CodeIgniter))
11 FCPATH\index.php(59): CodeIgniter\Boot::bootWeb(Object(Config\Paths))
12 SYSTEMPATH\rewrite.php(44): require_once('C:\\xampp\\htdocs\\codeigniter_crud\\public\\index.php')
CRITICAL - 2026-05-04 00:54:20 --> [Caused by] CodeIgniter\Database\Exceptions\DatabaseException: Unknown column 'updated_at' in 'field list'
in SYSTEMPATH\Database\MySQLi\Connection.php on line 310.
 1 SYSTEMPATH\Database\BaseConnection.php(910): CodeIgniter\Database\MySQLi\Connection->execute('INSERT INTO `posts` (`id_user`, `title`, `content`, `image`, `created_at`, `updated_at`) VALUES (\'1\', \'Time Ago\', \'agg<gd<gdsgds<gdghfdhfdh\', NULL, \'2026-05-04 00:54:20\', \'2026-05-04 00:54:20\')')
 2 SYSTEMPATH\Database\BaseConnection.php(827): CodeIgniter\Database\BaseConnection->simpleQuery('INSERT INTO `posts` (`id_user`, `title`, `content`, `image`, `created_at`, `updated_at`) VALUES (\'1\', \'Time Ago\', \'agg<gd<gdsgds<gdghfdhfdh\', NULL, \'2026-05-04 00:54:20\', \'2026-05-04 00:54:20\')')
 3 SYSTEMPATH\Database\BaseBuilder.php(2345): CodeIgniter\Database\BaseConnection->query('INSERT INTO `posts` (`id_user`, `title`, `content`, `image`, `created_at`, `updated_at`) VALUES (:id_user:, :title:, :content:, :image:, :created_at:, :updated_at:)', [...], false)
 4 SYSTEMPATH\Model.php(355): CodeIgniter\Database\BaseBuilder->insert()
 5 SYSTEMPATH\BaseModel.php(899): CodeIgniter\Model->doInsert([...])
 6 SYSTEMPATH\Model.php(668): CodeIgniter\BaseModel->insert([...], true)
 7 APPPATH\Controllers\Blog.php(70): CodeIgniter\Model->insert([...])
 8 SYSTEMPATH\CodeIgniter.php(951): App\Controllers\Blog->storePost()
 9 SYSTEMPATH\CodeIgniter.php(497): CodeIgniter\CodeIgniter->runController(Object(App\Controllers\Blog))
10 SYSTEMPATH\CodeIgniter.php(340): CodeIgniter\CodeIgniter->handleRequest(null, Object(Config\Cache), false)
11 SYSTEMPATH\Boot.php(417): CodeIgniter\CodeIgniter->run()
12 SYSTEMPATH\Boot.php(68): CodeIgniter\Boot::runCodeIgniter(Object(CodeIgniter\CodeIgniter))
13 FCPATH\index.php(59): CodeIgniter\Boot::bootWeb(Object(Config\Paths))
14 SYSTEMPATH\rewrite.php(44): require_once('C:\\xampp\\htdocs\\codeigniter_crud\\public\\index.php')
CRITICAL - 2026-05-04 00:54:20 --> [Caused by] mysqli_sql_exception: Unknown column 'updated_at' in 'field list'
in SYSTEMPATH\Database\MySQLi\Connection.php on line 300.
 1 SYSTEMPATH\Database\MySQLi\Connection.php(300): mysqli->query('INSERT INTO `posts` (`id_user`, `title`, `content`, `image`, `created_at`, `updated_at`) VALUES (\'1\', \'Time Ago\', \'agg<gd<gdsgds<gdghfdhfdh\', NULL, \'2026-05-04 00:54:20\', \'2026-05-04 00:54:20\')', 0)
 2 SYSTEMPATH\Database\BaseConnection.php(910): CodeIgniter\Database\MySQLi\Connection->execute('INSERT INTO `posts` (`id_user`, `title`, `content`, `image`, `created_at`, `updated_at`) VALUES (\'1\', \'Time Ago\', \'agg<gd<gdsgds<gdghfdhfdh\', NULL, \'2026-05-04 00:54:20\', \'2026-05-04 00:54:20\')')
 3 SYSTEMPATH\Database\BaseConnection.php(827): CodeIgniter\Database\BaseConnection->simpleQuery('INSERT INTO `posts` (`id_user`, `title`, `content`, `image`, `created_at`, `updated_at`) VALUES (\'1\', \'Time Ago\', \'agg<gd<gdsgds<gdghfdhfdh\', NULL, \'2026-05-04 00:54:20\', \'2026-05-04 00:54:20\')')
 4 SYSTEMPATH\Database\BaseBuilder.php(2345): CodeIgniter\Database\BaseConnection->query('INSERT INTO `posts` (`id_user`, `title`, `content`, `image`, `created_at`, `updated_at`) VALUES (:id_user:, :title:, :content:, :image:, :created_at:, :updated_at:)', [...], false)
 5 SYSTEMPATH\Model.php(355): CodeIgniter\Database\BaseBuilder->insert()
 6 SYSTEMPATH\BaseModel.php(899): CodeIgniter\Model->doInsert([...])
 7 SYSTEMPATH\Model.php(668): CodeIgniter\BaseModel->insert([...], true)
 8 APPPATH\Controllers\Blog.php(70): CodeIgniter\Model->insert([...])
 9 SYSTEMPATH\CodeIgniter.php(951): App\Controllers\Blog->storePost()
10 SYSTEMPATH\CodeIgniter.php(497): CodeIgniter\CodeIgniter->runController(Object(App\Controllers\Blog))
11 SYSTEMPATH\CodeIgniter.php(340): CodeIgniter\CodeIgniter->handleRequest(null, Object(Config\Cache), false)
12 SYSTEMPATH\Boot.php(417): CodeIgniter\CodeIgniter->run()
13 SYSTEMPATH\Boot.php(68): CodeIgniter\Boot::runCodeIgniter(Object(CodeIgniter\CodeIgniter))
14 FCPATH\index.php(59): CodeIgniter\Boot::bootWeb(Object(Config\Paths))
15 SYSTEMPATH\rewrite.php(44): require_once('C:\\xampp\\htdocs\\codeigniter_crud\\public\\index.php')
DEBUG - 2026-05-04 00:54:22 --> Session: Class initialized using 'CodeIgniter\Session\Handlers\FileHandler' driver.
DEBUG - 2026-05-04 00:54:23 --> Session: Class initialized using 'CodeIgniter\Session\Handlers\FileHandler' driver.
DEBUG - 2026-05-04 00:54:25 --> Session: Class initialized using 'CodeIgniter\Session\Handlers\FileHandler' driver.
DEBUG - 2026-05-04 00:54:25 --> Session: Class initialized using 'CodeIgniter\Session\Handlers\FileHandler' driver.
INFO - 2026-05-04 00:54:28 --> CSRF token verified.
DEBUG - 2026-05-04 00:54:28 --> Session: Class initialized using 'CodeIgniter\Session\Handlers\FileHandler' driver.
DEBUG - 2026-05-04 00:54:28 --> Session: Class initialized using 'CodeIgniter\Session\Handlers\FileHandler' driver.
INFO - 2026-05-04 00:54:37 --> CSRF token verified.
DEBUG - 2026-05-04 00:54:37 --> Session: Class initialized using 'CodeIgniter\Session\Handlers\FileHandler' driver.
ERROR - 2026-05-04 00:54:37 --> Unknown column 'updated_at' in 'field list'
in SYSTEMPATH\Database\MySQLi\Connection.php on line 300.
 1 SYSTEMPATH\Database\MySQLi\Connection.php(300): mysqli->query('INSERT INTO `posts` (`id_user`, `title`, `content`, `image`, `created_at`, `updated_at`) VALUES (\'1\', \'production\', \'productionproductionproductionproductionproduction\', NULL, \'2026-05-04 00:54:37\', \'2026-05-04 00:54:37\')', 0)
 2 SYSTEMPATH\Database\BaseConnection.php(910): CodeIgniter\Database\MySQLi\Connection->execute('INSERT INTO `posts` (`id_user`, `title`, `content`, `image`, `created_at`, `updated_at`) VALUES (\'1\', \'production\', \'productionproductionproductionproductionproduction\', NULL, \'2026-05-04 00:54:37\', \'2026-05-04 00:54:37\')')
 3 SYSTEMPATH\Database\BaseConnection.php(827): CodeIgniter\Database\BaseConnection->simpleQuery('INSERT INTO `posts` (`id_user`, `title`, `content`, `image`, `created_at`, `updated_at`) VALUES (\'1\', \'production\', \'productionproductionproductionproductionproduction\', NULL, \'2026-05-04 00:54:37\', \'2026-05-04 00:54:37\')')
 4 SYSTEMPATH\Database\BaseBuilder.php(2345): CodeIgniter\Database\BaseConnection->query('INSERT INTO `posts` (`id_user`, `title`, `content`, `image`, `created_at`, `updated_at`) VALUES (:id_user:, :title:, :content:, :image:, :created_at:, :updated_at:)', [...], false)
 5 SYSTEMPATH\Model.php(355): CodeIgniter\Database\BaseBuilder->insert()
 6 SYSTEMPATH\BaseModel.php(899): CodeIgniter\Model->doInsert([...])
 7 SYSTEMPATH\Model.php(668): CodeIgniter\BaseModel->insert([...], true)
 8 APPPATH\Controllers\Blog.php(70): CodeIgniter\Model->insert([...])
 9 SYSTEMPATH\CodeIgniter.php(951): App\Controllers\Blog->storePost()
10 SYSTEMPATH\CodeIgniter.php(497): CodeIgniter\CodeIgniter->runController(Object(App\Controllers\Blog))
11 SYSTEMPATH\CodeIgniter.php(340): CodeIgniter\CodeIgniter->handleRequest(null, Object(Config\Cache), false)
12 SYSTEMPATH\Boot.php(417): CodeIgniter\CodeIgniter->run()
13 SYSTEMPATH\Boot.php(68): CodeIgniter\Boot::runCodeIgniter(Object(CodeIgniter\CodeIgniter))
14 FCPATH\index.php(59): CodeIgniter\Boot::bootWeb(Object(Config\Paths))
15 SYSTEMPATH\rewrite.php(44): require_once('C:\\xampp\\htdocs\\codeigniter_crud\\public\\index.php')
CRITICAL - 2026-05-04 00:54:37 --> CodeIgniter\Database\Exceptions\DatabaseException: Unknown column 'updated_at' in 'field list'
[Method: POST, Route: blog/post]
in SYSTEMPATH\Database\BaseConnection.php on line 865.
 1 SYSTEMPATH\Database\BaseBuilder.php(2345): CodeIgniter\Database\BaseConnection->query('INSERT INTO `posts` (`id_user`, `title`, `content`, `image`, `created_at`, `updated_at`) VALUES (:id_user:, :title:, :content:, :image:, :created_at:, :updated_at:)', [...], false)
 2 SYSTEMPATH\Model.php(355): CodeIgniter\Database\BaseBuilder->insert()
 3 SYSTEMPATH\BaseModel.php(899): CodeIgniter\Model->doInsert([...])
 4 SYSTEMPATH\Model.php(668): CodeIgniter\BaseModel->insert([...], true)
 5 APPPATH\Controllers\Blog.php(70): CodeIgniter\Model->insert([...])
 6 SYSTEMPATH\CodeIgniter.php(951): App\Controllers\Blog->storePost()
 7 SYSTEMPATH\CodeIgniter.php(497): CodeIgniter\CodeIgniter->runController(Object(App\Controllers\Blog))
 8 SYSTEMPATH\CodeIgniter.php(340): CodeIgniter\CodeIgniter->handleRequest(null, Object(Config\Cache), false)
 9 SYSTEMPATH\Boot.php(417): CodeIgniter\CodeIgniter->run()
10 SYSTEMPATH\Boot.php(68): CodeIgniter\Boot::runCodeIgniter(Object(CodeIgniter\CodeIgniter))
11 FCPATH\index.php(59): CodeIgniter\Boot::bootWeb(Object(Config\Paths))
12 SYSTEMPATH\rewrite.php(44): require_once('C:\\xampp\\htdocs\\codeigniter_crud\\public\\index.php')
CRITICAL - 2026-05-04 00:54:37 --> [Caused by] CodeIgniter\Database\Exceptions\DatabaseException: Unknown column 'updated_at' in 'field list'
in SYSTEMPATH\Database\MySQLi\Connection.php on line 310.
 1 SYSTEMPATH\Database\BaseConnection.php(910): CodeIgniter\Database\MySQLi\Connection->execute('INSERT INTO `posts` (`id_user`, `title`, `content`, `image`, `created_at`, `updated_at`) VALUES (\'1\', \'production\', \'productionproductionproductionproductionproduction\', NULL, \'2026-05-04 00:54:37\', \'2026-05-04 00:54:37\')')
 2 SYSTEMPATH\Database\BaseConnection.php(827): CodeIgniter\Database\BaseConnection->simpleQuery('INSERT INTO `posts` (`id_user`, `title`, `content`, `image`, `created_at`, `updated_at`) VALUES (\'1\', \'production\', \'productionproductionproductionproductionproduction\', NULL, \'2026-05-04 00:54:37\', \'2026-05-04 00:54:37\')')
 3 SYSTEMPATH\Database\BaseBuilder.php(2345): CodeIgniter\Database\BaseConnection->query('INSERT INTO `posts` (`id_user`, `title`, `content`, `image`, `created_at`, `updated_at`) VALUES (:id_user:, :title:, :content:, :image:, :created_at:, :updated_at:)', [...], false)
 4 SYSTEMPATH\Model.php(355): CodeIgniter\Database\BaseBuilder->insert()
 5 SYSTEMPATH\BaseModel.php(899): CodeIgniter\Model->doInsert([...])
 6 SYSTEMPATH\Model.php(668): CodeIgniter\BaseModel->insert([...], true)
 7 APPPATH\Controllers\Blog.php(70): CodeIgniter\Model->insert([...])
 8 SYSTEMPATH\CodeIgniter.php(951): App\Controllers\Blog->storePost()
 9 SYSTEMPATH\CodeIgniter.php(497): CodeIgniter\CodeIgniter->runController(Object(App\Controllers\Blog))
10 SYSTEMPATH\CodeIgniter.php(340): CodeIgniter\CodeIgniter->handleRequest(null, Object(Config\Cache), false)
11 SYSTEMPATH\Boot.php(417): CodeIgniter\CodeIgniter->run()
12 SYSTEMPATH\Boot.php(68): CodeIgniter\Boot::runCodeIgniter(Object(CodeIgniter\CodeIgniter))
13 FCPATH\index.php(59): CodeIgniter\Boot::bootWeb(Object(Config\Paths))
14 SYSTEMPATH\rewrite.php(44): require_once('C:\\xampp\\htdocs\\codeigniter_crud\\public\\index.php')
CRITICAL - 2026-05-04 00:54:37 --> [Caused by] mysqli_sql_exception: Unknown column 'updated_at' in 'field list'
in SYSTEMPATH\Database\MySQLi\Connection.php on line 300.
 1 SYSTEMPATH\Database\MySQLi\Connection.php(300): mysqli->query('INSERT INTO `posts` (`id_user`, `title`, `content`, `image`, `created_at`, `updated_at`) VALUES (\'1\', \'production\', \'productionproductionproductionproductionproduction\', NULL, \'2026-05-04 00:54:37\', \'2026-05-04 00:54:37\')', 0)
 2 SYSTEMPATH\Database\BaseConnection.php(910): CodeIgniter\Database\MySQLi\Connection->execute('INSERT INTO `posts` (`id_user`, `title`, `content`, `image`, `created_at`, `updated_at`) VALUES (\'1\', \'production\', \'productionproductionproductionproductionproduction\', NULL, \'2026-05-04 00:54:37\', \'2026-05-04 00:54:37\')')
 3 SYSTEMPATH\Database\BaseConnection.php(827): CodeIgniter\Database\BaseConnection->simpleQuery('INSERT INTO `posts` (`id_user`, `title`, `content`, `image`, `created_at`, `updated_at`) VALUES (\'1\', \'production\', \'productionproductionproductionproductionproduction\', NULL, \'2026-05-04 00:54:37\', \'2026-05-04 00:54:37\')')
 4 SYSTEMPATH\Database\BaseBuilder.php(2345): CodeIgniter\Database\BaseConnection->query('INSERT INTO `posts` (`id_user`, `title`, `content`, `image`, `created_at`, `updated_at`) VALUES (:id_user:, :title:, :content:, :image:, :created_at:, :updated_at:)', [...], false)
 5 SYSTEMPATH\Model.php(355): CodeIgniter\Database\BaseBuilder->insert()
 6 SYSTEMPATH\BaseModel.php(899): CodeIgniter\Model->doInsert([...])
 7 SYSTEMPATH\Model.php(668): CodeIgniter\BaseModel->insert([...], true)
 8 APPPATH\Controllers\Blog.php(70): CodeIgniter\Model->insert([...])
 9 SYSTEMPATH\CodeIgniter.php(951): App\Controllers\Blog->storePost()
10 SYSTEMPATH\CodeIgniter.php(497): CodeIgniter\CodeIgniter->runController(Object(App\Controllers\Blog))
11 SYSTEMPATH\CodeIgniter.php(340): CodeIgniter\CodeIgniter->handleRequest(null, Object(Config\Cache), false)
12 SYSTEMPATH\Boot.php(417): CodeIgniter\CodeIgniter->run()
13 SYSTEMPATH\Boot.php(68): CodeIgniter\Boot::runCodeIgniter(Object(CodeIgniter\CodeIgniter))
14 FCPATH\index.php(59): CodeIgniter\Boot::bootWeb(Object(Config\Paths))
15 SYSTEMPATH\rewrite.php(44): require_once('C:\\xampp\\htdocs\\codeigniter_crud\\public\\index.php')
DEBUG - 2026-05-04 00:57:49 --> Session: Class initialized using 'CodeIgniter\Session\Handlers\FileHandler' driver.
INFO - 2026-05-04 00:57:54 --> CSRF token verified.
DEBUG - 2026-05-04 00:57:54 --> Session: Class initialized using 'CodeIgniter\Session\Handlers\FileHandler' driver.
DEBUG - 2026-05-04 00:57:54 --> Session: Class initialized using 'CodeIgniter\Session\Handlers\FileHandler' driver.
INFO - 2026-05-04 00:58:15 --> CSRF token verified.
DEBUG - 2026-05-04 00:58:15 --> Session: Class initialized using 'CodeIgniter\Session\Handlers\FileHandler' driver.
DEBUG - 2026-05-04 00:58:15 --> Session: Class initialized using 'CodeIgniter\Session\Handlers\FileHandler' driver.
CRITICAL - 2026-05-04 00:58:15 --> Error: Call to undefined function time_ago()
[Method: GET, Route: blog]
in APPPATH\Views\components\post_card.php on line 9.
 1 SYSTEMPATH\View\View.php(240): include()
 2 SYSTEMPATH\View\View.php(243): CodeIgniter\View\View->CodeIgniter\View\{closure}()
 3 SYSTEMPATH\Common.php(1250): CodeIgniter\View\View->render('components/post_card', [], true)
 4 APPPATH\Views\blog_view.php(18): view('components/post_card', [...])
 5 SYSTEMPATH\View\View.php(240): include('C:\\xampp\\htdocs\\codeigniter_crud\\app\\Views\\blog_view.php')
 6 SYSTEMPATH\View\View.php(243): CodeIgniter\View\View->CodeIgniter\View\{closure}()
 7 SYSTEMPATH\Common.php(1250): CodeIgniter\View\View->render('blog_view', [], true)
 8 APPPATH\Controllers\Blog.php(24): view('blog_view', [...])
 9 SYSTEMPATH\CodeIgniter.php(951): App\Controllers\Blog->index()
10 SYSTEMPATH\CodeIgniter.php(497): CodeIgniter\CodeIgniter->runController(Object(App\Controllers\Blog))
11 SYSTEMPATH\CodeIgniter.php(340): CodeIgniter\CodeIgniter->handleRequest(null, Object(Config\Cache), false)
12 SYSTEMPATH\Boot.php(417): CodeIgniter\CodeIgniter->run()
13 SYSTEMPATH\Boot.php(68): CodeIgniter\Boot::runCodeIgniter(Object(CodeIgniter\CodeIgniter))
14 FCPATH\index.php(59): CodeIgniter\Boot::bootWeb(Object(Config\Paths))
15 SYSTEMPATH\rewrite.php(44): require_once('C:\\xampp\\htdocs\\codeigniter_crud\\public\\index.php')
DEBUG - 2026-05-04 01:00:15 --> Session: Class initialized using 'CodeIgniter\Session\Handlers\FileHandler' driver.
CRITICAL - 2026-05-04 01:25:09 --> TypeError: App\Controllers\Blog::index(): Return value must be of type string, CodeIgniter\HTTP\RedirectResponse returned
[Method: GET, Route: blog]
in APPPATH\Controllers\Blog.php on line 12.
 1 SYSTEMPATH\CodeIgniter.php(951): App\Controllers\Blog->index()
 2 SYSTEMPATH\CodeIgniter.php(497): CodeIgniter\CodeIgniter->runController(Object(App\Controllers\Blog))
 3 SYSTEMPATH\CodeIgniter.php(340): CodeIgniter\CodeIgniter->handleRequest(null, Object(Config\Cache), false)
 4 SYSTEMPATH\Boot.php(417): CodeIgniter\CodeIgniter->run()
 5 SYSTEMPATH\Boot.php(68): CodeIgniter\Boot::runCodeIgniter(Object(CodeIgniter\CodeIgniter))
 6 FCPATH\index.php(59): CodeIgniter\Boot::bootWeb(Object(Config\Paths))
 7 SYSTEMPATH\rewrite.php(44): require_once('C:\\xampp\\htdocs\\codeigniter_crud\\public\\index.php')
CRITICAL - 2026-05-04 01:25:10 --> TypeError: App\Controllers\Blog::index(): Return value must be of type string, CodeIgniter\HTTP\RedirectResponse returned
[Method: GET, Route: blog]
in APPPATH\Controllers\Blog.php on line 12.
 1 SYSTEMPATH\CodeIgniter.php(951): App\Controllers\Blog->index()
 2 SYSTEMPATH\CodeIgniter.php(497): CodeIgniter\CodeIgniter->runController(Object(App\Controllers\Blog))
 3 SYSTEMPATH\CodeIgniter.php(340): CodeIgniter\CodeIgniter->handleRequest(null, Object(Config\Cache), false)
 4 SYSTEMPATH\Boot.php(417): CodeIgniter\CodeIgniter->run()
 5 SYSTEMPATH\Boot.php(68): CodeIgniter\Boot::runCodeIgniter(Object(CodeIgniter\CodeIgniter))
 6 FCPATH\index.php(59): CodeIgniter\Boot::bootWeb(Object(Config\Paths))
 7 SYSTEMPATH\rewrite.php(44): require_once('C:\\xampp\\htdocs\\codeigniter_crud\\public\\index.php')
CRITICAL - 2026-05-04 01:25:11 --> TypeError: App\Controllers\Blog::index(): Return value must be of type string, CodeIgniter\HTTP\RedirectResponse returned
[Method: GET, Route: blog]
in APPPATH\Controllers\Blog.php on line 12.
 1 SYSTEMPATH\CodeIgniter.php(951): App\Controllers\Blog->index()
 2 SYSTEMPATH\CodeIgniter.php(497): CodeIgniter\CodeIgniter->runController(Object(App\Controllers\Blog))
 3 SYSTEMPATH\CodeIgniter.php(340): CodeIgniter\CodeIgniter->handleRequest(null, Object(Config\Cache), false)
 4 SYSTEMPATH\Boot.php(417): CodeIgniter\CodeIgniter->run()
 5 SYSTEMPATH\Boot.php(68): CodeIgniter\Boot::runCodeIgniter(Object(CodeIgniter\CodeIgniter))
 6 FCPATH\index.php(59): CodeIgniter\Boot::bootWeb(Object(Config\Paths))
 7 SYSTEMPATH\rewrite.php(44): require_once('C:\\xampp\\htdocs\\codeigniter_crud\\public\\index.php')
ERROR - 2026-05-04 06:27:23 --> Column count doesn't match value count at row 1
in SYSTEMPATH\Database\MySQLi\Connection.php on line 300.
 1 SYSTEMPATH\Database\MySQLi\Connection.php(300): mysqli->query('INSERT INTO `posts` ()
VALUES (\'Paso 1: Convencer a Darwin de que es un genio del mal (ya casi lo logro, solo tuvo que ponerse un bigote de papel).\\n                                Paso 2: Usar papel de aluminio para crear una armadura impenetrable que refleje los insultos de Tobias.\\n                                Paso 3: Almorzar. Los genios no trabajan con el estómago vacío.\\n                                ¿Alguien tiene sugerencias para el Paso 4? Abstenerse de decir \\"madurar\\", eso no está en el presupuesto.\',\'2026-05-04 14:12:10\',\'3\',\'gumball01.webp\',\'Mi plan para conquistar el mundo (o al menos la escuela) 👑\'), (\'Rigby y yo acabamos de pasar toda la noche intentando vencer el nivel final de “El Maestro del Hueso” y ahora Benson nos quiere cortando el césped de todo el sector sur. Si no sobrevive para la hora del almuerzo, díganle a Margaret que... bueno, solo salúdenla de mi parte. ¿Algún consejo para mantenerse despierto cuando tu jefe tiene cara de máquina de chicles enojada?\',\'2026-05-04 10:47:25\',\'2\',\'coffe01.webp\',\'¿Alguien más siente que el café no es suficiente hoy?\'), ()', 0)
 2 SYSTEMPATH\Database\BaseConnection.php(910): CodeIgniter\Database\MySQLi\Connection->execute('INSERT INTO `posts` ()
VALUES (\'Paso 1: Convencer a Darwin de que es un genio del mal (ya casi lo logro, solo tuvo que ponerse un bigote de papel).\\n                                Paso 2: Usar papel de aluminio para crear una armadura impenetrable que refleje los insultos de Tobias.\\n                                Paso 3: Almorzar. Los genios no trabajan con el estómago vacío.\\n                                ¿Alguien tiene sugerencias para el Paso 4? Abstenerse de decir \\"madurar\\", eso no está en el presupuesto.\',\'2026-05-04 14:12:10\',\'3\',\'gumball01.webp\',\'Mi plan para conquistar el mundo (o al menos la escuela) 👑\'), (\'Rigby y yo acabamos de pasar toda la noche intentando vencer el nivel final de “El Maestro del Hueso” y ahora Benson nos quiere cortando el césped de todo el sector sur. Si no sobrevive para la hora del almuerzo, díganle a Margaret que... bueno, solo salúdenla de mi parte. ¿Algún consejo para mantenerse despierto cuando tu jefe tiene cara de máquina de chicles enojada?\',\'2026-05-04 10:47:25\',\'2\',\'coffe01.webp\',\'¿Alguien más siente que el café no es suficiente hoy?\'), ()')
 3 SYSTEMPATH\Database\BaseConnection.php(827): CodeIgniter\Database\BaseConnection->simpleQuery('INSERT INTO `posts` ()
VALUES (\'Paso 1: Convencer a Darwin de que es un genio del mal (ya casi lo logro, solo tuvo que ponerse un bigote de papel).\\n                                Paso 2: Usar papel de aluminio para crear una armadura impenetrable que refleje los insultos de Tobias.\\n                                Paso 3: Almorzar. Los genios no trabajan con el estómago vacío.\\n                                ¿Alguien tiene sugerencias para el Paso 4? Abstenerse de decir \\"madurar\\", eso no está en el presupuesto.\',\'2026-05-04 14:12:10\',\'3\',\'gumball01.webp\',\'Mi plan para conquistar el mundo (o al menos la escuela) 👑\'), (\'Rigby y yo acabamos de pasar toda la noche intentando vencer el nivel final de “El Maestro del Hueso” y ahora Benson nos quiere cortando el césped de todo el sector sur. Si no sobrevive para la hora del almuerzo, díganle a Margaret que... bueno, solo salúdenla de mi parte. ¿Algún consejo para mantenerse despierto cuando tu jefe tiene cara de máquina de chicles enojada?\',\'2026-05-04 10:47:25\',\'2\',\'coffe01.webp\',\'¿Alguien más siente que el café no es suficiente hoy?\'), ()')
 4 SYSTEMPATH\Database\BaseBuilder.php(1841): CodeIgniter\Database\BaseConnection->query('INSERT INTO `posts` ()
VALUES (\'Paso 1: Convencer a Darwin de que es un genio del mal (ya casi lo logro, solo tuvo que ponerse un bigote de papel).\\n                                Paso 2: Usar papel de aluminio para crear una armadura impenetrable que refleje los insultos de Tobias.\\n                                Paso 3: Almorzar. Los genios no trabajan con el estómago vacío.\\n                                ¿Alguien tiene sugerencias para el Paso 4? Abstenerse de decir \\"madurar\\", eso no está en el presupuesto.\',\'2026-05-04 14:12:10\',\'3\',\'gumball01.webp\',\'Mi plan para conquistar el mundo (o al menos la escuela) 👑\'), (\'Rigby y yo acabamos de pasar toda la noche intentando vencer el nivel final de “El Maestro del Hueso” y ahora Benson nos quiere cortando el césped de todo el sector sur. Si no sobrevive para la hora del almuerzo, díganle a Margaret que... bueno, solo salúdenla de mi parte. ¿Algún consejo para mantenerse despierto cuando tu jefe tiene cara de máquina de chicles enojada?\',\'2026-05-04 10:47:25\',\'2\',\'coffe01.webp\',\'¿Alguien más siente que el café no es suficiente hoy?\'), ()', null, false)
 5 SYSTEMPATH\Database\BaseBuilder.php(2230): CodeIgniter\Database\BaseBuilder->batchExecute('_insertBatch', 100)
 6 APPPATH\Database\Seeds\Posts.php(44): CodeIgniter\Database\BaseBuilder->insertBatch([...])
 7 SYSTEMPATH\Database\Seeder.php(155): App\Database\Seeds\Posts->run()
 8 SYSTEMPATH\Commands\Database\Seed.php(79): CodeIgniter\Database\Seeder->call('App\\Database\\Seeds\\Posts')
 9 SYSTEMPATH\CLI\Commands.php(74): CodeIgniter\Commands\Database\Seed->run([])
10 SYSTEMPATH\CLI\Console.php(47): CodeIgniter\CLI\Commands->run('db:seed', [...])
11 SYSTEMPATH\Boot.php(442): CodeIgniter\CLI\Console->run()
12 SYSTEMPATH\Boot.php(166): CodeIgniter\Boot::runCommand(Object(CodeIgniter\CLI\Console))
13 ROOTPATH\spark(87): CodeIgniter\Boot::bootSpark(Object(Config\Paths))
ERROR - 2026-05-04 06:29:58 --> Column count doesn't match value count at row 1
in SYSTEMPATH\Database\MySQLi\Connection.php on line 300.
 1 SYSTEMPATH\Database\MySQLi\Connection.php(300): mysqli->query('INSERT INTO `posts` ()
VALUES (\'Paso 1: Convencer a Darwin de que es un genio del mal (ya casi lo logro, solo tuvo que ponerse un bigote de papel).\\n                                Paso 2: Usar papel de aluminio para crear una armadura impenetrable que refleje los insultos de Tobias.\\n                                Paso 3: Almorzar. Los genios no trabajan con el estómago vacío.\\n                                ¿Alguien tiene sugerencias para el Paso 4? Abstenerse de decir \\"madurar\\", eso no está en el presupuesto.\',\'2026-05-04 14:12:10\',3,\'gumball01.webp\',\'Mi plan para conquistar el mundo (o al menos la escuela)\'), (\'Rigby y yo acabamos de pasar toda la noche intentando vencer el nivel final de “El Maestro del Hueso” y ahora Benson nos quiere cortando el césped de todo el sector sur. Si no sobrevive para la hora del almuerzo, díganle a Margaret que... bueno, solo salúdenla de mi parte. ¿Algún consejo para mantenerse despierto cuando tu jefe tiene cara de máquina de chicles enojada?\',\'2026-05-04 10:47:25\',2,\'coffe01.webp\',\'¿Alguien más siente que el café no es suficiente hoy?\'), ()', 0)
 2 SYSTEMPATH\Database\BaseConnection.php(910): CodeIgniter\Database\MySQLi\Connection->execute('INSERT INTO `posts` ()
VALUES (\'Paso 1: Convencer a Darwin de que es un genio del mal (ya casi lo logro, solo tuvo que ponerse un bigote de papel).\\n                                Paso 2: Usar papel de aluminio para crear una armadura impenetrable que refleje los insultos de Tobias.\\n                                Paso 3: Almorzar. Los genios no trabajan con el estómago vacío.\\n                                ¿Alguien tiene sugerencias para el Paso 4? Abstenerse de decir \\"madurar\\", eso no está en el presupuesto.\',\'2026-05-04 14:12:10\',3,\'gumball01.webp\',\'Mi plan para conquistar el mundo (o al menos la escuela)\'), (\'Rigby y yo acabamos de pasar toda la noche intentando vencer el nivel final de “El Maestro del Hueso” y ahora Benson nos quiere cortando el césped de todo el sector sur. Si no sobrevive para la hora del almuerzo, díganle a Margaret que... bueno, solo salúdenla de mi parte. ¿Algún consejo para mantenerse despierto cuando tu jefe tiene cara de máquina de chicles enojada?\',\'2026-05-04 10:47:25\',2,\'coffe01.webp\',\'¿Alguien más siente que el café no es suficiente hoy?\'), ()')
 3 SYSTEMPATH\Database\BaseConnection.php(827): CodeIgniter\Database\BaseConnection->simpleQuery('INSERT INTO `posts` ()
VALUES (\'Paso 1: Convencer a Darwin de que es un genio del mal (ya casi lo logro, solo tuvo que ponerse un bigote de papel).\\n                                Paso 2: Usar papel de aluminio para crear una armadura impenetrable que refleje los insultos de Tobias.\\n                                Paso 3: Almorzar. Los genios no trabajan con el estómago vacío.\\n                                ¿Alguien tiene sugerencias para el Paso 4? Abstenerse de decir \\"madurar\\", eso no está en el presupuesto.\',\'2026-05-04 14:12:10\',3,\'gumball01.webp\',\'Mi plan para conquistar el mundo (o al menos la escuela)\'), (\'Rigby y yo acabamos de pasar toda la noche intentando vencer el nivel final de “El Maestro del Hueso” y ahora Benson nos quiere cortando el césped de todo el sector sur. Si no sobrevive para la hora del almuerzo, díganle a Margaret que... bueno, solo salúdenla de mi parte. ¿Algún consejo para mantenerse despierto cuando tu jefe tiene cara de máquina de chicles enojada?\',\'2026-05-04 10:47:25\',2,\'coffe01.webp\',\'¿Alguien más siente que el café no es suficiente hoy?\'), ()')
 4 SYSTEMPATH\Database\BaseBuilder.php(1841): CodeIgniter\Database\BaseConnection->query('INSERT INTO `posts` ()
VALUES (\'Paso 1: Convencer a Darwin de que es un genio del mal (ya casi lo logro, solo tuvo que ponerse un bigote de papel).\\n                                Paso 2: Usar papel de aluminio para crear una armadura impenetrable que refleje los insultos de Tobias.\\n                                Paso 3: Almorzar. Los genios no trabajan con el estómago vacío.\\n                                ¿Alguien tiene sugerencias para el Paso 4? Abstenerse de decir \\"madurar\\", eso no está en el presupuesto.\',\'2026-05-04 14:12:10\',3,\'gumball01.webp\',\'Mi plan para conquistar el mundo (o al menos la escuela)\'), (\'Rigby y yo acabamos de pasar toda la noche intentando vencer el nivel final de “El Maestro del Hueso” y ahora Benson nos quiere cortando el césped de todo el sector sur. Si no sobrevive para la hora del almuerzo, díganle a Margaret que... bueno, solo salúdenla de mi parte. ¿Algún consejo para mantenerse despierto cuando tu jefe tiene cara de máquina de chicles enojada?\',\'2026-05-04 10:47:25\',2,\'coffe01.webp\',\'¿Alguien más siente que el café no es suficiente hoy?\'), ()', null, false)
 5 SYSTEMPATH\Database\BaseBuilder.php(2230): CodeIgniter\Database\BaseBuilder->batchExecute('_insertBatch', 100)
 6 APPPATH\Database\Seeds\Posts.php(44): CodeIgniter\Database\BaseBuilder->insertBatch([...])
 7 SYSTEMPATH\Database\Seeder.php(155): App\Database\Seeds\Posts->run()
 8 SYSTEMPATH\Commands\Database\Seed.php(79): CodeIgniter\Database\Seeder->call('App\\Database\\Seeds\\Posts')
 9 SYSTEMPATH\CLI\Commands.php(74): CodeIgniter\Commands\Database\Seed->run([])
10 SYSTEMPATH\CLI\Console.php(47): CodeIgniter\CLI\Commands->run('db:seed', [...])
11 SYSTEMPATH\Boot.php(442): CodeIgniter\CLI\Console->run()
12 SYSTEMPATH\Boot.php(166): CodeIgniter\Boot::runCommand(Object(CodeIgniter\CLI\Console))
13 ROOTPATH\spark(87): CodeIgniter\Boot::bootSpark(Object(Config\Paths))
CRITICAL - 2026-05-04 06:58:32 --> Error: Class "App\Controllers\Posts" not found
[Method: GET, Route: blog]
in APPPATH\Controllers\Blog.php on line 17.
 1 SYSTEMPATH\CodeIgniter.php(951): App\Controllers\Blog->index()
 2 SYSTEMPATH\CodeIgniter.php(497): CodeIgniter\CodeIgniter->runController(Object(App\Controllers\Blog))
 3 SYSTEMPATH\CodeIgniter.php(340): CodeIgniter\CodeIgniter->handleRequest(null, Object(Config\Cache), false)
 4 SYSTEMPATH\Boot.php(417): CodeIgniter\CodeIgniter->run()
 5 SYSTEMPATH\Boot.php(68): CodeIgniter\Boot::runCodeIgniter(Object(CodeIgniter\CodeIgniter))
 6 FCPATH\index.php(59): CodeIgniter\Boot::bootWeb(Object(Config\Paths))
 7 SYSTEMPATH\rewrite.php(44): require_once('C:\\xampp\\htdocs\\codeigniter_crud\\public\\index.php')
CRITICAL - 2026-05-04 06:58:40 --> Error: Class "App\Controllers\Posts" not found
[Method: GET, Route: blog]
in APPPATH\Controllers\Blog.php on line 17.
 1 SYSTEMPATH\CodeIgniter.php(951): App\Controllers\Blog->index()
 2 SYSTEMPATH\CodeIgniter.php(497): CodeIgniter\CodeIgniter->runController(Object(App\Controllers\Blog))
 3 SYSTEMPATH\CodeIgniter.php(340): CodeIgniter\CodeIgniter->handleRequest(null, Object(Config\Cache), false)
 4 SYSTEMPATH\Boot.php(417): CodeIgniter\CodeIgniter->run()
 5 SYSTEMPATH\Boot.php(68): CodeIgniter\Boot::runCodeIgniter(Object(CodeIgniter\CodeIgniter))
 6 FCPATH\index.php(59): CodeIgniter\Boot::bootWeb(Object(Config\Paths))
 7 SYSTEMPATH\rewrite.php(44): require_once('C:\\xampp\\htdocs\\codeigniter_crud\\public\\index.php')
CRITICAL - 2026-05-04 06:58:42 --> Error: Class "App\Controllers\Posts" not found
[Method: GET, Route: blog]
in APPPATH\Controllers\Blog.php on line 17.
 1 SYSTEMPATH\CodeIgniter.php(951): App\Controllers\Blog->index()
 2 SYSTEMPATH\CodeIgniter.php(497): CodeIgniter\CodeIgniter->runController(Object(App\Controllers\Blog))
 3 SYSTEMPATH\CodeIgniter.php(340): CodeIgniter\CodeIgniter->handleRequest(null, Object(Config\Cache), false)
 4 SYSTEMPATH\Boot.php(417): CodeIgniter\CodeIgniter->run()
 5 SYSTEMPATH\Boot.php(68): CodeIgniter\Boot::runCodeIgniter(Object(CodeIgniter\CodeIgniter))
 6 FCPATH\index.php(59): CodeIgniter\Boot::bootWeb(Object(Config\Paths))
 7 SYSTEMPATH\rewrite.php(44): require_once('C:\\xampp\\htdocs\\codeigniter_crud\\public\\index.php')
CRITICAL - 2026-05-04 06:58:42 --> Error: Class "App\Controllers\Posts" not found
[Method: GET, Route: blog]
in APPPATH\Controllers\Blog.php on line 17.
 1 SYSTEMPATH\CodeIgniter.php(951): App\Controllers\Blog->index()
 2 SYSTEMPATH\CodeIgniter.php(497): CodeIgniter\CodeIgniter->runController(Object(App\Controllers\Blog))
 3 SYSTEMPATH\CodeIgniter.php(340): CodeIgniter\CodeIgniter->handleRequest(null, Object(Config\Cache), false)
 4 SYSTEMPATH\Boot.php(417): CodeIgniter\CodeIgniter->run()
 5 SYSTEMPATH\Boot.php(68): CodeIgniter\Boot::runCodeIgniter(Object(CodeIgniter\CodeIgniter))
 6 FCPATH\index.php(59): CodeIgniter\Boot::bootWeb(Object(Config\Paths))
 7 SYSTEMPATH\rewrite.php(44): require_once('C:\\xampp\\htdocs\\codeigniter_crud\\public\\index.php')
CRITICAL - 2026-05-04 07:00:43 --> Error: Class "App\Controllers\Posts" not found
[Method: GET, Route: blog]
in APPPATH\Controllers\Blog.php on line 17.
 1 SYSTEMPATH\CodeIgniter.php(951): App\Controllers\Blog->index()
 2 SYSTEMPATH\CodeIgniter.php(497): CodeIgniter\CodeIgniter->runController(Object(App\Controllers\Blog))
 3 SYSTEMPATH\CodeIgniter.php(340): CodeIgniter\CodeIgniter->handleRequest(null, Object(Config\Cache), false)
 4 SYSTEMPATH\Boot.php(417): CodeIgniter\CodeIgniter->run()
 5 SYSTEMPATH\Boot.php(68): CodeIgniter\Boot::runCodeIgniter(Object(CodeIgniter\CodeIgniter))
 6 FCPATH\index.php(59): CodeIgniter\Boot::bootWeb(Object(Config\Paths))
 7 SYSTEMPATH\rewrite.php(44): require_once('C:\\xampp\\htdocs\\codeigniter_crud\\public\\index.php')
CRITICAL - 2026-05-04 07:00:44 --> Error: Class "App\Controllers\Posts" not found
[Method: GET, Route: blog]
in APPPATH\Controllers\Blog.php on line 17.
 1 SYSTEMPATH\CodeIgniter.php(951): App\Controllers\Blog->index()
 2 SYSTEMPATH\CodeIgniter.php(497): CodeIgniter\CodeIgniter->runController(Object(App\Controllers\Blog))
 3 SYSTEMPATH\CodeIgniter.php(340): CodeIgniter\CodeIgniter->handleRequest(null, Object(Config\Cache), false)
 4 SYSTEMPATH\Boot.php(417): CodeIgniter\CodeIgniter->run()
 5 SYSTEMPATH\Boot.php(68): CodeIgniter\Boot::runCodeIgniter(Object(CodeIgniter\CodeIgniter))
 6 FCPATH\index.php(59): CodeIgniter\Boot::bootWeb(Object(Config\Paths))
 7 SYSTEMPATH\rewrite.php(44): require_once('C:\\xampp\\htdocs\\codeigniter_crud\\public\\index.php')
CRITICAL - 2026-05-04 07:00:45 --> Error: Class "App\Controllers\Posts" not found
[Method: GET, Route: blog]
in APPPATH\Controllers\Blog.php on line 17.
 1 SYSTEMPATH\CodeIgniter.php(951): App\Controllers\Blog->index()
 2 SYSTEMPATH\CodeIgniter.php(497): CodeIgniter\CodeIgniter->runController(Object(App\Controllers\Blog))
 3 SYSTEMPATH\CodeIgniter.php(340): CodeIgniter\CodeIgniter->handleRequest(null, Object(Config\Cache), false)
 4 SYSTEMPATH\Boot.php(417): CodeIgniter\CodeIgniter->run()
 5 SYSTEMPATH\Boot.php(68): CodeIgniter\Boot::runCodeIgniter(Object(CodeIgniter\CodeIgniter))
 6 FCPATH\index.php(59): CodeIgniter\Boot::bootWeb(Object(Config\Paths))
 7 SYSTEMPATH\rewrite.php(44): require_once('C:\\xampp\\htdocs\\codeigniter_crud\\public\\index.php')
CRITICAL - 2026-05-04 07:01:32 --> Error: Class "App\Controllers\Posts" not found
[Method: GET, Route: blog]
in APPPATH\Controllers\Blog.php on line 17.
 1 SYSTEMPATH\CodeIgniter.php(951): App\Controllers\Blog->index()
 2 SYSTEMPATH\CodeIgniter.php(497): CodeIgniter\CodeIgniter->runController(Object(App\Controllers\Blog))
 3 SYSTEMPATH\CodeIgniter.php(340): CodeIgniter\CodeIgniter->handleRequest(null, Object(Config\Cache), false)
 4 SYSTEMPATH\Boot.php(417): CodeIgniter\CodeIgniter->run()
 5 SYSTEMPATH\Boot.php(68): CodeIgniter\Boot::runCodeIgniter(Object(CodeIgniter\CodeIgniter))
 6 FCPATH\index.php(59): CodeIgniter\Boot::bootWeb(Object(Config\Paths))
 7 SYSTEMPATH\rewrite.php(44): require_once('C:\\xampp\\htdocs\\codeigniter_crud\\public\\index.php')
CRITICAL - 2026-05-04 07:03:39 --> Error: Class "App\Controllers\App\Models\Posts" not found
[Method: GET, Route: blog]
in APPPATH\Controllers\Blog.php on line 17.
 1 SYSTEMPATH\CodeIgniter.php(951): App\Controllers\Blog->index()
 2 SYSTEMPATH\CodeIgniter.php(497): CodeIgniter\CodeIgniter->runController(Object(App\Controllers\Blog))
 3 SYSTEMPATH\CodeIgniter.php(340): CodeIgniter\CodeIgniter->handleRequest(null, Object(Config\Cache), false)
 4 SYSTEMPATH\Boot.php(417): CodeIgniter\CodeIgniter->run()
 5 SYSTEMPATH\Boot.php(68): CodeIgniter\Boot::runCodeIgniter(Object(CodeIgniter\CodeIgniter))
 6 FCPATH\index.php(59): CodeIgniter\Boot::bootWeb(Object(Config\Paths))
 7 SYSTEMPATH\rewrite.php(44): require_once('C:\\xampp\\htdocs\\codeigniter_crud\\public\\index.php')
CRITICAL - 2026-05-04 07:03:58 --> Error: Class "App\Controllers\App\Models\Posts" not found
[Method: GET, Route: blog]
in APPPATH\Controllers\Blog.php on line 17.
 1 SYSTEMPATH\CodeIgniter.php(951): App\Controllers\Blog->index()
 2 SYSTEMPATH\CodeIgniter.php(497): CodeIgniter\CodeIgniter->runController(Object(App\Controllers\Blog))
 3 SYSTEMPATH\CodeIgniter.php(340): CodeIgniter\CodeIgniter->handleRequest(null, Object(Config\Cache), false)
 4 SYSTEMPATH\Boot.php(417): CodeIgniter\CodeIgniter->run()
 5 SYSTEMPATH\Boot.php(68): CodeIgniter\Boot::runCodeIgniter(Object(CodeIgniter\CodeIgniter))
 6 FCPATH\index.php(59): CodeIgniter\Boot::bootWeb(Object(Config\Paths))
 7 SYSTEMPATH\rewrite.php(44): require_once('C:\\xampp\\htdocs\\codeigniter_crud\\public\\index.php')
CRITICAL - 2026-05-04 07:05:35 --> Error: Class "App\Controllers\App\Models\Posts" not found
[Method: GET, Route: blog]
in APPPATH\Controllers\Blog.php on line 17.
 1 SYSTEMPATH\CodeIgniter.php(951): App\Controllers\Blog->index()
 2 SYSTEMPATH\CodeIgniter.php(497): CodeIgniter\CodeIgniter->runController(Object(App\Controllers\Blog))
 3 SYSTEMPATH\CodeIgniter.php(340): CodeIgniter\CodeIgniter->handleRequest(null, Object(Config\Cache), false)
 4 SYSTEMPATH\Boot.php(417): CodeIgniter\CodeIgniter->run()
 5 SYSTEMPATH\Boot.php(68): CodeIgniter\Boot::runCodeIgniter(Object(CodeIgniter\CodeIgniter))
 6 FCPATH\index.php(59): CodeIgniter\Boot::bootWeb(Object(Config\Paths))
 7 SYSTEMPATH\rewrite.php(44): require_once('C:\\xampp\\htdocs\\codeigniter_crud\\public\\index.php')
CRITICAL - 2026-05-04 07:05:39 --> Error: Class "App\Controllers\App\Models\Posts" not found
[Method: GET, Route: blog]
in APPPATH\Controllers\Blog.php on line 17.
 1 SYSTEMPATH\CodeIgniter.php(951): App\Controllers\Blog->index()
 2 SYSTEMPATH\CodeIgniter.php(497): CodeIgniter\CodeIgniter->runController(Object(App\Controllers\Blog))
 3 SYSTEMPATH\CodeIgniter.php(340): CodeIgniter\CodeIgniter->handleRequest(null, Object(Config\Cache), false)
 4 SYSTEMPATH\Boot.php(417): CodeIgniter\CodeIgniter->run()
 5 SYSTEMPATH\Boot.php(68): CodeIgniter\Boot::runCodeIgniter(Object(CodeIgniter\CodeIgniter))
 6 FCPATH\index.php(59): CodeIgniter\Boot::bootWeb(Object(Config\Paths))
 7 SYSTEMPATH\rewrite.php(44): require_once('C:\\xampp\\htdocs\\codeigniter_crud\\public\\index.php')
CRITICAL - 2026-05-04 09:02:57 --> ErrorException: Undefined variable $uploadPath
[Method: POST, Route: blog/post]
in APPPATH\Controllers\Blog.php on line 77.
 1 APPPATH\Controllers\Blog.php(77): CodeIgniter\Debug\Exceptions->errorHandler(2, 'Undefined variable $uploadPath', 'C:\\xampp\\htdocs\\codeigniter_crud\\app\\Controllers\\Blog.php', 77)
 2 SYSTEMPATH\CodeIgniter.php(951): App\Controllers\Blog->storePost()
 3 SYSTEMPATH\CodeIgniter.php(497): CodeIgniter\CodeIgniter->runController(Object(App\Controllers\Blog))
 4 SYSTEMPATH\CodeIgniter.php(340): CodeIgniter\CodeIgniter->handleRequest(null, Object(Config\Cache), false)
 5 SYSTEMPATH\Boot.php(417): CodeIgniter\CodeIgniter->run()
 6 SYSTEMPATH\Boot.php(68): CodeIgniter\Boot::runCodeIgniter(Object(CodeIgniter\CodeIgniter))
 7 FCPATH\index.php(59): CodeIgniter\Boot::bootWeb(Object(Config\Paths))
 8 SYSTEMPATH\rewrite.php(44): require_once('C:\\xampp\\htdocs\\codeigniter_crud\\public\\index.php')
