ERROR - 2026-05-03 03:03:45 --> Can't create table `codeigniter_crud`.`posts` (errno: 150 "Foreign key constraint is incorrectly formed")
in SYSTEMPATH\Database\MySQLi\Connection.php on line 300.
 1 SYSTEMPATH\Database\MySQLi\Connection.php(300): mysqli->query('CREATE TABLE `posts` (
	`id` INT NOT NULL AUTO_INCREMENT,
	`user_id` INT NOT NULL,
	`title` VARCHAR(255) NOT NULL,
	`content` TEXT NOT NULL,
	`image` VARCHAR(255) NULL,
	`created_at` DATETIME NULL,
	CONSTRAINT `pk_posts` PRIMARY KEY(`id`),
	CONSTRAINT `posts_user_id_foreign` FOREIGN KEY (`user_id`) REFERENCES `users`(`id`) ON DELETE CASCADE ON UPDATE CASCADE
) DEFAULT CHARACTER SET = utf8mb4 COLLATE = utf8mb4_general_ci', 0)
 2 SYSTEMPATH\Database\BaseConnection.php(910): CodeIgniter\Database\MySQLi\Connection->execute('CREATE TABLE `posts` (
	`id` INT NOT NULL AUTO_INCREMENT,
	`user_id` INT NOT NULL,
	`title` VARCHAR(255) NOT NULL,
	`content` TEXT NOT NULL,
	`image` VARCHAR(255) NULL,
	`created_at` DATETIME NULL,
	CONSTRAINT `pk_posts` PRIMARY KEY(`id`),
	CONSTRAINT `posts_user_id_foreign` FOREIGN KEY (`user_id`) REFERENCES `users`(`id`) ON DELETE CASCADE ON UPDATE CASCADE
) DEFAULT CHARACTER SET = utf8mb4 COLLATE = utf8mb4_general_ci')
 3 SYSTEMPATH\Database\BaseConnection.php(827): CodeIgniter\Database\BaseConnection->simpleQuery('CREATE TABLE `posts` (
	`id` INT NOT NULL AUTO_INCREMENT,
	`user_id` INT NOT NULL,
	`title` VARCHAR(255) NOT NULL,
	`content` TEXT NOT NULL,
	`image` VARCHAR(255) NULL,
	`created_at` DATETIME NULL,
	CONSTRAINT `pk_posts` PRIMARY KEY(`id`),
	CONSTRAINT `posts_user_id_foreign` FOREIGN KEY (`user_id`) REFERENCES `users`(`id`) ON DELETE CASCADE ON UPDATE CASCADE
) DEFAULT CHARACTER SET = utf8mb4 COLLATE = utf8mb4_general_ci')
 4 SYSTEMPATH\Database\Forge.php(570): CodeIgniter\Database\BaseConnection->query('CREATE TABLE `posts` (
	`id` INT NOT NULL AUTO_INCREMENT,
	`user_id` INT NOT NULL,
	`title` VARCHAR(255) NOT NULL,
	`content` TEXT NOT NULL,
	`image` VARCHAR(255) NULL,
	`created_at` DATETIME NULL,
	CONSTRAINT `pk_posts` PRIMARY KEY(`id`),
	CONSTRAINT `posts_user_id_foreign` FOREIGN KEY (`user_id`) REFERENCES `users`(`id`) ON DELETE CASCADE ON UPDATE CASCADE
) DEFAULT CHARACTER SET = utf8mb4 COLLATE = utf8mb4_general_ci')
 5 APPPATH\Database\Migrations\2026-05-03-030159_Posts.php(39): CodeIgniter\Database\Forge->createTable('posts')
 6 SYSTEMPATH\Database\MigrationRunner.php(1014): App\Database\Migrations\Posts->up()
 7 SYSTEMPATH\Database\MigrationRunner.php(202): CodeIgniter\Database\MigrationRunner->migrate('up', Object(stdClass))
 8 SYSTEMPATH\Commands\Database\Migrate.php(89): CodeIgniter\Database\MigrationRunner->latest(null)
 9 SYSTEMPATH\CLI\SignalTrait.php(245): CodeIgniter\Commands\Database\Migrate::CodeIgniter\Commands\Database\{closure}()
10 SYSTEMPATH\Commands\Database\Migrate.php(88): CodeIgniter\Commands\Database\Migrate->withSignalsBlocked(Object(Closure))
11 SYSTEMPATH\CLI\Commands.php(74): CodeIgniter\Commands\Database\Migrate->run([])
12 SYSTEMPATH\CLI\Console.php(47): CodeIgniter\CLI\Commands->run('migrate', [])
13 SYSTEMPATH\Boot.php(442): CodeIgniter\CLI\Console->run()
14 SYSTEMPATH\Boot.php(166): CodeIgniter\Boot::runCommand(Object(CodeIgniter\CLI\Console))
15 ROOTPATH\spark(87): CodeIgniter\Boot::bootSpark(Object(Config\Paths))
ERROR - 2026-05-03 03:49:24 --> Can't create table `codeigniter_crud`.`posts` (errno: 150 "Foreign key constraint is incorrectly formed")
in SYSTEMPATH\Database\MySQLi\Connection.php on line 300.
 1 SYSTEMPATH\Database\MySQLi\Connection.php(300): mysqli->query('CREATE TABLE `posts` (
	`id` int UNSIGNED NOT NULL AUTO_INCREMENT,
	`user_id` int NOT NULL,
	`title` varchar(255) NOT NULL,
	`content` text NOT NULL,
	`image` varchar(255) NULL,
	`created_at` datetime NULL,
	CONSTRAINT `pk_posts` PRIMARY KEY(`id`),
	CONSTRAINT `posts_user_id_foreign` FOREIGN KEY (`user_id`) REFERENCES `users`(`id_user`) ON DELETE CASCADE ON UPDATE CASCADE
) DEFAULT CHARACTER SET = utf8mb4 COLLATE = utf8mb4_general_ci', 0)
 2 SYSTEMPATH\Database\BaseConnection.php(910): CodeIgniter\Database\MySQLi\Connection->execute('CREATE TABLE `posts` (
	`id` int UNSIGNED NOT NULL AUTO_INCREMENT,
	`user_id` int NOT NULL,
	`title` varchar(255) NOT NULL,
	`content` text NOT NULL,
	`image` varchar(255) NULL,
	`created_at` datetime NULL,
	CONSTRAINT `pk_posts` PRIMARY KEY(`id`),
	CONSTRAINT `posts_user_id_foreign` FOREIGN KEY (`user_id`) REFERENCES `users`(`id_user`) ON DELETE CASCADE ON UPDATE CASCADE
) DEFAULT CHARACTER SET = utf8mb4 COLLATE = utf8mb4_general_ci')
 3 SYSTEMPATH\Database\BaseConnection.php(827): CodeIgniter\Database\BaseConnection->simpleQuery('CREATE TABLE `posts` (
	`id` int UNSIGNED NOT NULL AUTO_INCREMENT,
	`user_id` int NOT NULL,
	`title` varchar(255) NOT NULL,
	`content` text NOT NULL,
	`image` varchar(255) NULL,
	`created_at` datetime NULL,
	CONSTRAINT `pk_posts` PRIMARY KEY(`id`),
	CONSTRAINT `posts_user_id_foreign` FOREIGN KEY (`user_id`) REFERENCES `users`(`id_user`) ON DELETE CASCADE ON UPDATE CASCADE
) DEFAULT CHARACTER SET = utf8mb4 COLLATE = utf8mb4_general_ci')
 4 SYSTEMPATH\Database\Forge.php(570): CodeIgniter\Database\BaseConnection->query('CREATE TABLE `posts` (
	`id` int UNSIGNED NOT NULL AUTO_INCREMENT,
	`user_id` int NOT NULL,
	`title` varchar(255) NOT NULL,
	`content` text NOT NULL,
	`image` varchar(255) NULL,
	`created_at` datetime NULL,
	CONSTRAINT `pk_posts` PRIMARY KEY(`id`),
	CONSTRAINT `posts_user_id_foreign` FOREIGN KEY (`user_id`) REFERENCES `users`(`id_user`) ON DELETE CASCADE ON UPDATE CASCADE
) DEFAULT CHARACTER SET = utf8mb4 COLLATE = utf8mb4_general_ci')
 5 APPPATH\Database\Migrations\2026-05-03-030159_Posts.php(40): CodeIgniter\Database\Forge->createTable('posts')
 6 SYSTEMPATH\Database\MigrationRunner.php(1014): App\Database\Migrations\Posts->up()
 7 SYSTEMPATH\Database\MigrationRunner.php(202): CodeIgniter\Database\MigrationRunner->migrate('up', Object(stdClass))
 8 SYSTEMPATH\Commands\Database\Migrate.php(89): CodeIgniter\Database\MigrationRunner->latest(null)
 9 SYSTEMPATH\CLI\SignalTrait.php(245): CodeIgniter\Commands\Database\Migrate::CodeIgniter\Commands\Database\{closure}()
10 SYSTEMPATH\Commands\Database\Migrate.php(88): CodeIgniter\Commands\Database\Migrate->withSignalsBlocked(Object(Closure))
11 SYSTEMPATH\CLI\Commands.php(74): CodeIgniter\Commands\Database\Migrate->run([])
12 SYSTEMPATH\CLI\Console.php(47): CodeIgniter\CLI\Commands->run('migrate', [])
13 SYSTEMPATH\Boot.php(442): CodeIgniter\CLI\Console->run()
14 SYSTEMPATH\Boot.php(166): CodeIgniter\Boot::runCommand(Object(CodeIgniter\CLI\Console))
15 ROOTPATH\spark(87): CodeIgniter\Boot::bootSpark(Object(Config\Paths))
ERROR - 2026-05-03 03:50:04 --> Can't create table `codeigniter_crud`.`posts` (errno: 150 "Foreign key constraint is incorrectly formed")
in SYSTEMPATH\Database\MySQLi\Connection.php on line 300.
 1 SYSTEMPATH\Database\MySQLi\Connection.php(300): mysqli->query('CREATE TABLE `posts` (
	`id` bigint UNSIGNED NOT NULL AUTO_INCREMENT,
	`user_id` bigint NOT NULL,
	`title` varchar(255) NOT NULL,
	`content` text NOT NULL,
	`image` varchar(255) NULL,
	`created_at` datetime NULL,
	CONSTRAINT `pk_posts` PRIMARY KEY(`id`),
	CONSTRAINT `posts_user_id_foreign` FOREIGN KEY (`user_id`) REFERENCES `users`(`id_user`) ON DELETE CASCADE ON UPDATE CASCADE
) DEFAULT CHARACTER SET = utf8mb4 COLLATE = utf8mb4_general_ci', 0)
 2 SYSTEMPATH\Database\BaseConnection.php(910): CodeIgniter\Database\MySQLi\Connection->execute('CREATE TABLE `posts` (
	`id` bigint UNSIGNED NOT NULL AUTO_INCREMENT,
	`user_id` bigint NOT NULL,
	`title` varchar(255) NOT NULL,
	`content` text NOT NULL,
	`image` varchar(255) NULL,
	`created_at` datetime NULL,
	CONSTRAINT `pk_posts` PRIMARY KEY(`id`),
	CONSTRAINT `posts_user_id_foreign` FOREIGN KEY (`user_id`) REFERENCES `users`(`id_user`) ON DELETE CASCADE ON UPDATE CASCADE
) DEFAULT CHARACTER SET = utf8mb4 COLLATE = utf8mb4_general_ci')
 3 SYSTEMPATH\Database\BaseConnection.php(827): CodeIgniter\Database\BaseConnection->simpleQuery('CREATE TABLE `posts` (
	`id` bigint UNSIGNED NOT NULL AUTO_INCREMENT,
	`user_id` bigint NOT NULL,
	`title` varchar(255) NOT NULL,
	`content` text NOT NULL,
	`image` varchar(255) NULL,
	`created_at` datetime NULL,
	CONSTRAINT `pk_posts` PRIMARY KEY(`id`),
	CONSTRAINT `posts_user_id_foreign` FOREIGN KEY (`user_id`) REFERENCES `users`(`id_user`) ON DELETE CASCADE ON UPDATE CASCADE
) DEFAULT CHARACTER SET = utf8mb4 COLLATE = utf8mb4_general_ci')
 4 SYSTEMPATH\Database\Forge.php(570): CodeIgniter\Database\BaseConnection->query('CREATE TABLE `posts` (
	`id` bigint UNSIGNED NOT NULL AUTO_INCREMENT,
	`user_id` bigint NOT NULL,
	`title` varchar(255) NOT NULL,
	`content` text NOT NULL,
	`image` varchar(255) NULL,
	`created_at` datetime NULL,
	CONSTRAINT `pk_posts` PRIMARY KEY(`id`),
	CONSTRAINT `posts_user_id_foreign` FOREIGN KEY (`user_id`) REFERENCES `users`(`id_user`) ON DELETE CASCADE ON UPDATE CASCADE
) DEFAULT CHARACTER SET = utf8mb4 COLLATE = utf8mb4_general_ci')
 5 APPPATH\Database\Migrations\2026-05-03-030159_Posts.php(40): CodeIgniter\Database\Forge->createTable('posts')
 6 SYSTEMPATH\Database\MigrationRunner.php(1014): App\Database\Migrations\Posts->up()
 7 SYSTEMPATH\Database\MigrationRunner.php(202): CodeIgniter\Database\MigrationRunner->migrate('up', Object(stdClass))
 8 SYSTEMPATH\Commands\Database\Migrate.php(89): CodeIgniter\Database\MigrationRunner->latest(null)
 9 SYSTEMPATH\CLI\SignalTrait.php(245): CodeIgniter\Commands\Database\Migrate::CodeIgniter\Commands\Database\{closure}()
10 SYSTEMPATH\Commands\Database\Migrate.php(88): CodeIgniter\Commands\Database\Migrate->withSignalsBlocked(Object(Closure))
11 SYSTEMPATH\CLI\Commands.php(74): CodeIgniter\Commands\Database\Migrate->run([])
12 SYSTEMPATH\CLI\Console.php(47): CodeIgniter\CLI\Commands->run('migrate', [])
13 SYSTEMPATH\Boot.php(442): CodeIgniter\CLI\Console->run()
14 SYSTEMPATH\Boot.php(166): CodeIgniter\Boot::runCommand(Object(CodeIgniter\CLI\Console))
15 ROOTPATH\spark(87): CodeIgniter\Boot::bootSpark(Object(Config\Paths))
CRITICAL - 2026-05-03 23:06:04 --> ErrorException: Undefined array key "id"
[Method: POST, Route: /]
in APPPATH\Controllers\Login.php on line 45.
 1 APPPATH\Controllers\Login.php(45): CodeIgniter\Debug\Exceptions->errorHandler(2, 'Undefined array key "id"', 'C:\\xampp\\htdocs\\codeigniter_crud\\app\\Controllers\\Login.php', 45)
 2 SYSTEMPATH\CodeIgniter.php(951): App\Controllers\Login->login()
 3 SYSTEMPATH\CodeIgniter.php(497): CodeIgniter\CodeIgniter->runController(Object(App\Controllers\Login))
 4 SYSTEMPATH\CodeIgniter.php(340): CodeIgniter\CodeIgniter->handleRequest(null, Object(Config\Cache), false)
 5 SYSTEMPATH\Boot.php(417): CodeIgniter\CodeIgniter->run()
 6 SYSTEMPATH\Boot.php(68): CodeIgniter\Boot::runCodeIgniter(Object(CodeIgniter\CodeIgniter))
 7 FCPATH\index.php(59): CodeIgniter\Boot::bootWeb(Object(Config\Paths))
 8 SYSTEMPATH\rewrite.php(44): require_once('C:\\xampp\\htdocs\\codeigniter_crud\\public\\index.php')
CRITICAL - 2026-05-03 23:06:15 --> ErrorException: Undefined array key "id"
[Method: POST, Route: /]
in APPPATH\Controllers\Login.php on line 45.
 1 APPPATH\Controllers\Login.php(45): CodeIgniter\Debug\Exceptions->errorHandler(2, 'Undefined array key "id"', 'C:\\xampp\\htdocs\\codeigniter_crud\\app\\Controllers\\Login.php', 45)
 2 SYSTEMPATH\CodeIgniter.php(951): App\Controllers\Login->login()
 3 SYSTEMPATH\CodeIgniter.php(497): CodeIgniter\CodeIgniter->runController(Object(App\Controllers\Login))
 4 SYSTEMPATH\CodeIgniter.php(340): CodeIgniter\CodeIgniter->handleRequest(null, Object(Config\Cache), false)
 5 SYSTEMPATH\Boot.php(417): CodeIgniter\CodeIgniter->run()
 6 SYSTEMPATH\Boot.php(68): CodeIgniter\Boot::runCodeIgniter(Object(CodeIgniter\CodeIgniter))
 7 FCPATH\index.php(59): CodeIgniter\Boot::bootWeb(Object(Config\Paths))
 8 SYSTEMPATH\rewrite.php(44): require_once('C:\\xampp\\htdocs\\codeigniter_crud\\public\\index.php')
CRITICAL - 2026-05-03 23:06:17 --> ErrorException: Undefined array key "id"
[Method: POST, Route: /]
in APPPATH\Controllers\Login.php on line 45.
 1 APPPATH\Controllers\Login.php(45): CodeIgniter\Debug\Exceptions->errorHandler(2, 'Undefined array key "id"', 'C:\\xampp\\htdocs\\codeigniter_crud\\app\\Controllers\\Login.php', 45)
 2 SYSTEMPATH\CodeIgniter.php(951): App\Controllers\Login->login()
 3 SYSTEMPATH\CodeIgniter.php(497): CodeIgniter\CodeIgniter->runController(Object(App\Controllers\Login))
 4 SYSTEMPATH\CodeIgniter.php(340): CodeIgniter\CodeIgniter->handleRequest(null, Object(Config\Cache), false)
 5 SYSTEMPATH\Boot.php(417): CodeIgniter\CodeIgniter->run()
 6 SYSTEMPATH\Boot.php(68): CodeIgniter\Boot::runCodeIgniter(Object(CodeIgniter\CodeIgniter))
 7 FCPATH\index.php(59): CodeIgniter\Boot::bootWeb(Object(Config\Paths))
 8 SYSTEMPATH\rewrite.php(44): require_once('C:\\xampp\\htdocs\\codeigniter_crud\\public\\index.php')
ERROR - 2026-05-03 23:13:04 --> Unknown column 'users.id' in 'on clause'
in SYSTEMPATH\Database\MySQLi\Connection.php on line 300.
 1 SYSTEMPATH\Database\MySQLi\Connection.php(300): mysqli->query('SELECT `posts`.*, `users`.`user`
FROM `posts`
JOIN `users` ON `users`.`id` = `posts`.`id_user`
ORDER BY `posts`.`created_at` DESC', 0)
 2 SYSTEMPATH\Database\BaseConnection.php(910): CodeIgniter\Database\MySQLi\Connection->execute('SELECT `posts`.*, `users`.`user`
FROM `posts`
JOIN `users` ON `users`.`id` = `posts`.`id_user`
ORDER BY `posts`.`created_at` DESC')
 3 SYSTEMPATH\Database\BaseConnection.php(827): CodeIgniter\Database\BaseConnection->simpleQuery('SELECT `posts`.*, `users`.`user`
FROM `posts`
JOIN `users` ON `users`.`id` = `posts`.`id_user`
ORDER BY `posts`.`created_at` DESC')
 4 SYSTEMPATH\Database\BaseBuilder.php(1649): CodeIgniter\Database\BaseConnection->query('SELECT `posts`.*, `users`.`user`
FROM `posts`
JOIN `users` ON `users`.`id` = `posts`.`id_user`
ORDER BY `posts`.`created_at` DESC', [], false)
 5 SYSTEMPATH\Model.php(253): CodeIgniter\Database\BaseBuilder->get()
 6 SYSTEMPATH\BaseModel.php(676): CodeIgniter\Model->doFindAll(0, 0)
 7 APPPATH\Controllers\Blog.php(21): CodeIgniter\BaseModel->findAll()
 8 SYSTEMPATH\CodeIgniter.php(951): App\Controllers\Blog->index()
 9 SYSTEMPATH\CodeIgniter.php(497): CodeIgniter\CodeIgniter->runController(Object(App\Controllers\Blog))
10 SYSTEMPATH\CodeIgniter.php(340): CodeIgniter\CodeIgniter->handleRequest(null, Object(Config\Cache), false)
11 SYSTEMPATH\Boot.php(417): CodeIgniter\CodeIgniter->run()
12 SYSTEMPATH\Boot.php(68): CodeIgniter\Boot::runCodeIgniter(Object(CodeIgniter\CodeIgniter))
13 FCPATH\index.php(59): CodeIgniter\Boot::bootWeb(Object(Config\Paths))
14 SYSTEMPATH\rewrite.php(44): require_once('C:\\xampp\\htdocs\\codeigniter_crud\\public\\index.php')
CRITICAL - 2026-05-03 23:13:04 --> CodeIgniter\Database\Exceptions\DatabaseException: Unknown column 'users.id' in 'on clause'
[Method: GET, Route: blog]
in SYSTEMPATH\Database\BaseConnection.php on line 865.
 1 SYSTEMPATH\Database\BaseBuilder.php(1649): CodeIgniter\Database\BaseConnection->query('SELECT `posts`.*, `users`.`user`
FROM `posts`
JOIN `users` ON `users`.`id` = `posts`.`id_user`
ORDER BY `posts`.`created_at` DESC', [], false)
 2 SYSTEMPATH\Model.php(253): CodeIgniter\Database\BaseBuilder->get()
 3 SYSTEMPATH\BaseModel.php(676): CodeIgniter\Model->doFindAll(0, 0)
 4 APPPATH\Controllers\Blog.php(21): CodeIgniter\BaseModel->findAll()
 5 SYSTEMPATH\CodeIgniter.php(951): App\Controllers\Blog->index()
 6 SYSTEMPATH\CodeIgniter.php(497): CodeIgniter\CodeIgniter->runController(Object(App\Controllers\Blog))
 7 SYSTEMPATH\CodeIgniter.php(340): CodeIgniter\CodeIgniter->handleRequest(null, Object(Config\Cache), false)
 8 SYSTEMPATH\Boot.php(417): CodeIgniter\CodeIgniter->run()
 9 SYSTEMPATH\Boot.php(68): CodeIgniter\Boot::runCodeIgniter(Object(CodeIgniter\CodeIgniter))
10 FCPATH\index.php(59): CodeIgniter\Boot::bootWeb(Object(Config\Paths))
11 SYSTEMPATH\rewrite.php(44): require_once('C:\\xampp\\htdocs\\codeigniter_crud\\public\\index.php')
CRITICAL - 2026-05-03 23:13:04 --> [Caused by] CodeIgniter\Database\Exceptions\DatabaseException: Unknown column 'users.id' in 'on clause'
in SYSTEMPATH\Database\MySQLi\Connection.php on line 310.
 1 SYSTEMPATH\Database\BaseConnection.php(910): CodeIgniter\Database\MySQLi\Connection->execute('SELECT `posts`.*, `users`.`user`
FROM `posts`
JOIN `users` ON `users`.`id` = `posts`.`id_user`
ORDER BY `posts`.`created_at` DESC')
 2 SYSTEMPATH\Database\BaseConnection.php(827): CodeIgniter\Database\BaseConnection->simpleQuery('SELECT `posts`.*, `users`.`user`
FROM `posts`
JOIN `users` ON `users`.`id` = `posts`.`id_user`
ORDER BY `posts`.`created_at` DESC')
 3 SYSTEMPATH\Database\BaseBuilder.php(1649): CodeIgniter\Database\BaseConnection->query('SELECT `posts`.*, `users`.`user`
FROM `posts`
JOIN `users` ON `users`.`id` = `posts`.`id_user`
ORDER BY `posts`.`created_at` DESC', [], false)
 4 SYSTEMPATH\Model.php(253): CodeIgniter\Database\BaseBuilder->get()
 5 SYSTEMPATH\BaseModel.php(676): CodeIgniter\Model->doFindAll(0, 0)
 6 APPPATH\Controllers\Blog.php(21): CodeIgniter\BaseModel->findAll()
 7 SYSTEMPATH\CodeIgniter.php(951): App\Controllers\Blog->index()
 8 SYSTEMPATH\CodeIgniter.php(497): CodeIgniter\CodeIgniter->runController(Object(App\Controllers\Blog))
 9 SYSTEMPATH\CodeIgniter.php(340): CodeIgniter\CodeIgniter->handleRequest(null, Object(Config\Cache), false)
10 SYSTEMPATH\Boot.php(417): CodeIgniter\CodeIgniter->run()
11 SYSTEMPATH\Boot.php(68): CodeIgniter\Boot::runCodeIgniter(Object(CodeIgniter\CodeIgniter))
12 FCPATH\index.php(59): CodeIgniter\Boot::bootWeb(Object(Config\Paths))
13 SYSTEMPATH\rewrite.php(44): require_once('C:\\xampp\\htdocs\\codeigniter_crud\\public\\index.php')
CRITICAL - 2026-05-03 23:13:04 --> [Caused by] mysqli_sql_exception: Unknown column 'users.id' in 'on clause'
in SYSTEMPATH\Database\MySQLi\Connection.php on line 300.
 1 SYSTEMPATH\Database\MySQLi\Connection.php(300): mysqli->query('SELECT `posts`.*, `users`.`user`
FROM `posts`
JOIN `users` ON `users`.`id` = `posts`.`id_user`
ORDER BY `posts`.`created_at` DESC', 0)
 2 SYSTEMPATH\Database\BaseConnection.php(910): CodeIgniter\Database\MySQLi\Connection->execute('SELECT `posts`.*, `users`.`user`
FROM `posts`
JOIN `users` ON `users`.`id` = `posts`.`id_user`
ORDER BY `posts`.`created_at` DESC')
 3 SYSTEMPATH\Database\BaseConnection.php(827): CodeIgniter\Database\BaseConnection->simpleQuery('SELECT `posts`.*, `users`.`user`
FROM `posts`
JOIN `users` ON `users`.`id` = `posts`.`id_user`
ORDER BY `posts`.`created_at` DESC')
 4 SYSTEMPATH\Database\BaseBuilder.php(1649): CodeIgniter\Database\BaseConnection->query('SELECT `posts`.*, `users`.`user`
FROM `posts`
JOIN `users` ON `users`.`id` = `posts`.`id_user`
ORDER BY `posts`.`created_at` DESC', [], false)
 5 SYSTEMPATH\Model.php(253): CodeIgniter\Database\BaseBuilder->get()
 6 SYSTEMPATH\BaseModel.php(676): CodeIgniter\Model->doFindAll(0, 0)
 7 APPPATH\Controllers\Blog.php(21): CodeIgniter\BaseModel->findAll()
 8 SYSTEMPATH\CodeIgniter.php(951): App\Controllers\Blog->index()
 9 SYSTEMPATH\CodeIgniter.php(497): CodeIgniter\CodeIgniter->runController(Object(App\Controllers\Blog))
10 SYSTEMPATH\CodeIgniter.php(340): CodeIgniter\CodeIgniter->handleRequest(null, Object(Config\Cache), false)
11 SYSTEMPATH\Boot.php(417): CodeIgniter\CodeIgniter->run()
12 SYSTEMPATH\Boot.php(68): CodeIgniter\Boot::runCodeIgniter(Object(CodeIgniter\CodeIgniter))
13 FCPATH\index.php(59): CodeIgniter\Boot::bootWeb(Object(Config\Paths))
14 SYSTEMPATH\rewrite.php(44): require_once('C:\\xampp\\htdocs\\codeigniter_crud\\public\\index.php')
ERROR - 2026-05-03 23:13:09 --> Unknown column 'users.id' in 'on clause'
in SYSTEMPATH\Database\MySQLi\Connection.php on line 300.
 1 SYSTEMPATH\Database\MySQLi\Connection.php(300): mysqli->query('SELECT `posts`.*, `users`.`user`
FROM `posts`
JOIN `users` ON `users`.`id` = `posts`.`id_user`
ORDER BY `posts`.`created_at` DESC', 0)
 2 SYSTEMPATH\Database\BaseConnection.php(910): CodeIgniter\Database\MySQLi\Connection->execute('SELECT `posts`.*, `users`.`user`
FROM `posts`
JOIN `users` ON `users`.`id` = `posts`.`id_user`
ORDER BY `posts`.`created_at` DESC')
 3 SYSTEMPATH\Database\BaseConnection.php(827): CodeIgniter\Database\BaseConnection->simpleQuery('SELECT `posts`.*, `users`.`user`
FROM `posts`
JOIN `users` ON `users`.`id` = `posts`.`id_user`
ORDER BY `posts`.`created_at` DESC')
 4 SYSTEMPATH\Database\BaseBuilder.php(1649): CodeIgniter\Database\BaseConnection->query('SELECT `posts`.*, `users`.`user`
FROM `posts`
JOIN `users` ON `users`.`id` = `posts`.`id_user`
ORDER BY `posts`.`created_at` DESC', [], false)
 5 SYSTEMPATH\Model.php(253): CodeIgniter\Database\BaseBuilder->get()
 6 SYSTEMPATH\BaseModel.php(676): CodeIgniter\Model->doFindAll(0, 0)
 7 APPPATH\Controllers\Blog.php(21): CodeIgniter\BaseModel->findAll()
 8 SYSTEMPATH\CodeIgniter.php(951): App\Controllers\Blog->index()
 9 SYSTEMPATH\CodeIgniter.php(497): CodeIgniter\CodeIgniter->runController(Object(App\Controllers\Blog))
10 SYSTEMPATH\CodeIgniter.php(340): CodeIgniter\CodeIgniter->handleRequest(null, Object(Config\Cache), false)
11 SYSTEMPATH\Boot.php(417): CodeIgniter\CodeIgniter->run()
12 SYSTEMPATH\Boot.php(68): CodeIgniter\Boot::runCodeIgniter(Object(CodeIgniter\CodeIgniter))
13 FCPATH\index.php(59): CodeIgniter\Boot::bootWeb(Object(Config\Paths))
14 SYSTEMPATH\rewrite.php(44): require_once('C:\\xampp\\htdocs\\codeigniter_crud\\public\\index.php')
CRITICAL - 2026-05-03 23:13:09 --> CodeIgniter\Database\Exceptions\DatabaseException: Unknown column 'users.id' in 'on clause'
[Method: GET, Route: blog]
in SYSTEMPATH\Database\BaseConnection.php on line 865.
 1 SYSTEMPATH\Database\BaseBuilder.php(1649): CodeIgniter\Database\BaseConnection->query('SELECT `posts`.*, `users`.`user`
FROM `posts`
JOIN `users` ON `users`.`id` = `posts`.`id_user`
ORDER BY `posts`.`created_at` DESC', [], false)
 2 SYSTEMPATH\Model.php(253): CodeIgniter\Database\BaseBuilder->get()
 3 SYSTEMPATH\BaseModel.php(676): CodeIgniter\Model->doFindAll(0, 0)
 4 APPPATH\Controllers\Blog.php(21): CodeIgniter\BaseModel->findAll()
 5 SYSTEMPATH\CodeIgniter.php(951): App\Controllers\Blog->index()
 6 SYSTEMPATH\CodeIgniter.php(497): CodeIgniter\CodeIgniter->runController(Object(App\Controllers\Blog))
 7 SYSTEMPATH\CodeIgniter.php(340): CodeIgniter\CodeIgniter->handleRequest(null, Object(Config\Cache), false)
 8 SYSTEMPATH\Boot.php(417): CodeIgniter\CodeIgniter->run()
 9 SYSTEMPATH\Boot.php(68): CodeIgniter\Boot::runCodeIgniter(Object(CodeIgniter\CodeIgniter))
10 FCPATH\index.php(59): CodeIgniter\Boot::bootWeb(Object(Config\Paths))
11 SYSTEMPATH\rewrite.php(44): require_once('C:\\xampp\\htdocs\\codeigniter_crud\\public\\index.php')
CRITICAL - 2026-05-03 23:13:09 --> [Caused by] CodeIgniter\Database\Exceptions\DatabaseException: Unknown column 'users.id' in 'on clause'
in SYSTEMPATH\Database\MySQLi\Connection.php on line 310.
 1 SYSTEMPATH\Database\BaseConnection.php(910): CodeIgniter\Database\MySQLi\Connection->execute('SELECT `posts`.*, `users`.`user`
FROM `posts`
JOIN `users` ON `users`.`id` = `posts`.`id_user`
ORDER BY `posts`.`created_at` DESC')
 2 SYSTEMPATH\Database\BaseConnection.php(827): CodeIgniter\Database\BaseConnection->simpleQuery('SELECT `posts`.*, `users`.`user`
FROM `posts`
JOIN `users` ON `users`.`id` = `posts`.`id_user`
ORDER BY `posts`.`created_at` DESC')
 3 SYSTEMPATH\Database\BaseBuilder.php(1649): CodeIgniter\Database\BaseConnection->query('SELECT `posts`.*, `users`.`user`
FROM `posts`
JOIN `users` ON `users`.`id` = `posts`.`id_user`
ORDER BY `posts`.`created_at` DESC', [], false)
 4 SYSTEMPATH\Model.php(253): CodeIgniter\Database\BaseBuilder->get()
 5 SYSTEMPATH\BaseModel.php(676): CodeIgniter\Model->doFindAll(0, 0)
 6 APPPATH\Controllers\Blog.php(21): CodeIgniter\BaseModel->findAll()
 7 SYSTEMPATH\CodeIgniter.php(951): App\Controllers\Blog->index()
 8 SYSTEMPATH\CodeIgniter.php(497): CodeIgniter\CodeIgniter->runController(Object(App\Controllers\Blog))
 9 SYSTEMPATH\CodeIgniter.php(340): CodeIgniter\CodeIgniter->handleRequest(null, Object(Config\Cache), false)
10 SYSTEMPATH\Boot.php(417): CodeIgniter\CodeIgniter->run()
11 SYSTEMPATH\Boot.php(68): CodeIgniter\Boot::runCodeIgniter(Object(CodeIgniter\CodeIgniter))
12 FCPATH\index.php(59): CodeIgniter\Boot::bootWeb(Object(Config\Paths))
13 SYSTEMPATH\rewrite.php(44): require_once('C:\\xampp\\htdocs\\codeigniter_crud\\public\\index.php')
CRITICAL - 2026-05-03 23:13:09 --> [Caused by] mysqli_sql_exception: Unknown column 'users.id' in 'on clause'
in SYSTEMPATH\Database\MySQLi\Connection.php on line 300.
 1 SYSTEMPATH\Database\MySQLi\Connection.php(300): mysqli->query('SELECT `posts`.*, `users`.`user`
FROM `posts`
JOIN `users` ON `users`.`id` = `posts`.`id_user`
ORDER BY `posts`.`created_at` DESC', 0)
 2 SYSTEMPATH\Database\BaseConnection.php(910): CodeIgniter\Database\MySQLi\Connection->execute('SELECT `posts`.*, `users`.`user`
FROM `posts`
JOIN `users` ON `users`.`id` = `posts`.`id_user`
ORDER BY `posts`.`created_at` DESC')
 3 SYSTEMPATH\Database\BaseConnection.php(827): CodeIgniter\Database\BaseConnection->simpleQuery('SELECT `posts`.*, `users`.`user`
FROM `posts`
JOIN `users` ON `users`.`id` = `posts`.`id_user`
ORDER BY `posts`.`created_at` DESC')
 4 SYSTEMPATH\Database\BaseBuilder.php(1649): CodeIgniter\Database\BaseConnection->query('SELECT `posts`.*, `users`.`user`
FROM `posts`
JOIN `users` ON `users`.`id` = `posts`.`id_user`
ORDER BY `posts`.`created_at` DESC', [], false)
 5 SYSTEMPATH\Model.php(253): CodeIgniter\Database\BaseBuilder->get()
 6 SYSTEMPATH\BaseModel.php(676): CodeIgniter\Model->doFindAll(0, 0)
 7 APPPATH\Controllers\Blog.php(21): CodeIgniter\BaseModel->findAll()
 8 SYSTEMPATH\CodeIgniter.php(951): App\Controllers\Blog->index()
 9 SYSTEMPATH\CodeIgniter.php(497): CodeIgniter\CodeIgniter->runController(Object(App\Controllers\Blog))
10 SYSTEMPATH\CodeIgniter.php(340): CodeIgniter\CodeIgniter->handleRequest(null, Object(Config\Cache), false)
11 SYSTEMPATH\Boot.php(417): CodeIgniter\CodeIgniter->run()
12 SYSTEMPATH\Boot.php(68): CodeIgniter\Boot::runCodeIgniter(Object(CodeIgniter\CodeIgniter))
13 FCPATH\index.php(59): CodeIgniter\Boot::bootWeb(Object(Config\Paths))
14 SYSTEMPATH\rewrite.php(44): require_once('C:\\xampp\\htdocs\\codeigniter_crud\\public\\index.php')
ERROR - 2026-05-03 23:13:23 --> Unknown column 'users.id' in 'on clause'
in SYSTEMPATH\Database\MySQLi\Connection.php on line 300.
 1 SYSTEMPATH\Database\MySQLi\Connection.php(300): mysqli->query('SELECT `posts`.*, `users`.`user`
FROM `posts`
JOIN `users` ON `users`.`id` = `posts`.`id_user`
ORDER BY `posts`.`created_at` DESC', 0)
 2 SYSTEMPATH\Database\BaseConnection.php(910): CodeIgniter\Database\MySQLi\Connection->execute('SELECT `posts`.*, `users`.`user`
FROM `posts`
JOIN `users` ON `users`.`id` = `posts`.`id_user`
ORDER BY `posts`.`created_at` DESC')
 3 SYSTEMPATH\Database\BaseConnection.php(827): CodeIgniter\Database\BaseConnection->simpleQuery('SELECT `posts`.*, `users`.`user`
FROM `posts`
JOIN `users` ON `users`.`id` = `posts`.`id_user`
ORDER BY `posts`.`created_at` DESC')
 4 SYSTEMPATH\Database\BaseBuilder.php(1649): CodeIgniter\Database\BaseConnection->query('SELECT `posts`.*, `users`.`user`
FROM `posts`
JOIN `users` ON `users`.`id` = `posts`.`id_user`
ORDER BY `posts`.`created_at` DESC', [], false)
 5 SYSTEMPATH\Model.php(253): CodeIgniter\Database\BaseBuilder->get()
 6 SYSTEMPATH\BaseModel.php(676): CodeIgniter\Model->doFindAll(0, 0)
 7 APPPATH\Controllers\Blog.php(21): CodeIgniter\BaseModel->findAll()
 8 SYSTEMPATH\CodeIgniter.php(951): App\Controllers\Blog->index()
 9 SYSTEMPATH\CodeIgniter.php(497): CodeIgniter\CodeIgniter->runController(Object(App\Controllers\Blog))
10 SYSTEMPATH\CodeIgniter.php(340): CodeIgniter\CodeIgniter->handleRequest(null, Object(Config\Cache), false)
11 SYSTEMPATH\Boot.php(417): CodeIgniter\CodeIgniter->run()
12 SYSTEMPATH\Boot.php(68): CodeIgniter\Boot::runCodeIgniter(Object(CodeIgniter\CodeIgniter))
13 FCPATH\index.php(59): CodeIgniter\Boot::bootWeb(Object(Config\Paths))
14 SYSTEMPATH\rewrite.php(44): require_once('C:\\xampp\\htdocs\\codeigniter_crud\\public\\index.php')
CRITICAL - 2026-05-03 23:13:23 --> CodeIgniter\Database\Exceptions\DatabaseException: Unknown column 'users.id' in 'on clause'
[Method: GET, Route: blog]
in SYSTEMPATH\Database\BaseConnection.php on line 865.
 1 SYSTEMPATH\Database\BaseBuilder.php(1649): CodeIgniter\Database\BaseConnection->query('SELECT `posts`.*, `users`.`user`
FROM `posts`
JOIN `users` ON `users`.`id` = `posts`.`id_user`
ORDER BY `posts`.`created_at` DESC', [], false)
 2 SYSTEMPATH\Model.php(253): CodeIgniter\Database\BaseBuilder->get()
 3 SYSTEMPATH\BaseModel.php(676): CodeIgniter\Model->doFindAll(0, 0)
 4 APPPATH\Controllers\Blog.php(21): CodeIgniter\BaseModel->findAll()
 5 SYSTEMPATH\CodeIgniter.php(951): App\Controllers\Blog->index()
 6 SYSTEMPATH\CodeIgniter.php(497): CodeIgniter\CodeIgniter->runController(Object(App\Controllers\Blog))
 7 SYSTEMPATH\CodeIgniter.php(340): CodeIgniter\CodeIgniter->handleRequest(null, Object(Config\Cache), false)
 8 SYSTEMPATH\Boot.php(417): CodeIgniter\CodeIgniter->run()
 9 SYSTEMPATH\Boot.php(68): CodeIgniter\Boot::runCodeIgniter(Object(CodeIgniter\CodeIgniter))
10 FCPATH\index.php(59): CodeIgniter\Boot::bootWeb(Object(Config\Paths))
11 SYSTEMPATH\rewrite.php(44): require_once('C:\\xampp\\htdocs\\codeigniter_crud\\public\\index.php')
CRITICAL - 2026-05-03 23:13:23 --> [Caused by] CodeIgniter\Database\Exceptions\DatabaseException: Unknown column 'users.id' in 'on clause'
in SYSTEMPATH\Database\MySQLi\Connection.php on line 310.
 1 SYSTEMPATH\Database\BaseConnection.php(910): CodeIgniter\Database\MySQLi\Connection->execute('SELECT `posts`.*, `users`.`user`
FROM `posts`
JOIN `users` ON `users`.`id` = `posts`.`id_user`
ORDER BY `posts`.`created_at` DESC')
 2 SYSTEMPATH\Database\BaseConnection.php(827): CodeIgniter\Database\BaseConnection->simpleQuery('SELECT `posts`.*, `users`.`user`
FROM `posts`
JOIN `users` ON `users`.`id` = `posts`.`id_user`
ORDER BY `posts`.`created_at` DESC')
 3 SYSTEMPATH\Database\BaseBuilder.php(1649): CodeIgniter\Database\BaseConnection->query('SELECT `posts`.*, `users`.`user`
FROM `posts`
JOIN `users` ON `users`.`id` = `posts`.`id_user`
ORDER BY `posts`.`created_at` DESC', [], false)
 4 SYSTEMPATH\Model.php(253): CodeIgniter\Database\BaseBuilder->get()
 5 SYSTEMPATH\BaseModel.php(676): CodeIgniter\Model->doFindAll(0, 0)
 6 APPPATH\Controllers\Blog.php(21): CodeIgniter\BaseModel->findAll()
 7 SYSTEMPATH\CodeIgniter.php(951): App\Controllers\Blog->index()
 8 SYSTEMPATH\CodeIgniter.php(497): CodeIgniter\CodeIgniter->runController(Object(App\Controllers\Blog))
 9 SYSTEMPATH\CodeIgniter.php(340): CodeIgniter\CodeIgniter->handleRequest(null, Object(Config\Cache), false)
10 SYSTEMPATH\Boot.php(417): CodeIgniter\CodeIgniter->run()
11 SYSTEMPATH\Boot.php(68): CodeIgniter\Boot::runCodeIgniter(Object(CodeIgniter\CodeIgniter))
12 FCPATH\index.php(59): CodeIgniter\Boot::bootWeb(Object(Config\Paths))
13 SYSTEMPATH\rewrite.php(44): require_once('C:\\xampp\\htdocs\\codeigniter_crud\\public\\index.php')
CRITICAL - 2026-05-03 23:13:23 --> [Caused by] mysqli_sql_exception: Unknown column 'users.id' in 'on clause'
in SYSTEMPATH\Database\MySQLi\Connection.php on line 300.
 1 SYSTEMPATH\Database\MySQLi\Connection.php(300): mysqli->query('SELECT `posts`.*, `users`.`user`
FROM `posts`
JOIN `users` ON `users`.`id` = `posts`.`id_user`
ORDER BY `posts`.`created_at` DESC', 0)
 2 SYSTEMPATH\Database\BaseConnection.php(910): CodeIgniter\Database\MySQLi\Connection->execute('SELECT `posts`.*, `users`.`user`
FROM `posts`
JOIN `users` ON `users`.`id` = `posts`.`id_user`
ORDER BY `posts`.`created_at` DESC')
 3 SYSTEMPATH\Database\BaseConnection.php(827): CodeIgniter\Database\BaseConnection->simpleQuery('SELECT `posts`.*, `users`.`user`
FROM `posts`
JOIN `users` ON `users`.`id` = `posts`.`id_user`
ORDER BY `posts`.`created_at` DESC')
 4 SYSTEMPATH\Database\BaseBuilder.php(1649): CodeIgniter\Database\BaseConnection->query('SELECT `posts`.*, `users`.`user`
FROM `posts`
JOIN `users` ON `users`.`id` = `posts`.`id_user`
ORDER BY `posts`.`created_at` DESC', [], false)
 5 SYSTEMPATH\Model.php(253): CodeIgniter\Database\BaseBuilder->get()
 6 SYSTEMPATH\BaseModel.php(676): CodeIgniter\Model->doFindAll(0, 0)
 7 APPPATH\Controllers\Blog.php(21): CodeIgniter\BaseModel->findAll()
 8 SYSTEMPATH\CodeIgniter.php(951): App\Controllers\Blog->index()
 9 SYSTEMPATH\CodeIgniter.php(497): CodeIgniter\CodeIgniter->runController(Object(App\Controllers\Blog))
10 SYSTEMPATH\CodeIgniter.php(340): CodeIgniter\CodeIgniter->handleRequest(null, Object(Config\Cache), false)
11 SYSTEMPATH\Boot.php(417): CodeIgniter\CodeIgniter->run()
12 SYSTEMPATH\Boot.php(68): CodeIgniter\Boot::runCodeIgniter(Object(CodeIgniter\CodeIgniter))
13 FCPATH\index.php(59): CodeIgniter\Boot::bootWeb(Object(Config\Paths))
14 SYSTEMPATH\rewrite.php(44): require_once('C:\\xampp\\htdocs\\codeigniter_crud\\public\\index.php')
ERROR - 2026-05-03 23:16:13 --> Unknown column 'users.id' in 'on clause'
in SYSTEMPATH\Database\MySQLi\Connection.php on line 300.
 1 SYSTEMPATH\Database\MySQLi\Connection.php(300): mysqli->query('SELECT `posts`.*, `users`.`user`
FROM `posts`
JOIN `users` ON `users`.`id` = `posts`.`id_user`
ORDER BY `posts`.`created_at` DESC', 0)
 2 SYSTEMPATH\Database\BaseConnection.php(910): CodeIgniter\Database\MySQLi\Connection->execute('SELECT `posts`.*, `users`.`user`
FROM `posts`
JOIN `users` ON `users`.`id` = `posts`.`id_user`
ORDER BY `posts`.`created_at` DESC')
 3 SYSTEMPATH\Database\BaseConnection.php(827): CodeIgniter\Database\BaseConnection->simpleQuery('SELECT `posts`.*, `users`.`user`
FROM `posts`
JOIN `users` ON `users`.`id` = `posts`.`id_user`
ORDER BY `posts`.`created_at` DESC')
 4 SYSTEMPATH\Database\BaseBuilder.php(1649): CodeIgniter\Database\BaseConnection->query('SELECT `posts`.*, `users`.`user`
FROM `posts`
JOIN `users` ON `users`.`id` = `posts`.`id_user`
ORDER BY `posts`.`created_at` DESC', [], false)
 5 SYSTEMPATH\Model.php(253): CodeIgniter\Database\BaseBuilder->get()
 6 SYSTEMPATH\BaseModel.php(676): CodeIgniter\Model->doFindAll(0, 0)
 7 APPPATH\Controllers\Blog.php(21): CodeIgniter\BaseModel->findAll()
 8 SYSTEMPATH\CodeIgniter.php(951): App\Controllers\Blog->index()
 9 SYSTEMPATH\CodeIgniter.php(497): CodeIgniter\CodeIgniter->runController(Object(App\Controllers\Blog))
10 SYSTEMPATH\CodeIgniter.php(340): CodeIgniter\CodeIgniter->handleRequest(null, Object(Config\Cache), false)
11 SYSTEMPATH\Boot.php(417): CodeIgniter\CodeIgniter->run()
12 SYSTEMPATH\Boot.php(68): CodeIgniter\Boot::runCodeIgniter(Object(CodeIgniter\CodeIgniter))
13 FCPATH\index.php(59): CodeIgniter\Boot::bootWeb(Object(Config\Paths))
14 SYSTEMPATH\rewrite.php(44): require_once('C:\\xampp\\htdocs\\codeigniter_crud\\public\\index.php')
CRITICAL - 2026-05-03 23:16:13 --> CodeIgniter\Database\Exceptions\DatabaseException: Unknown column 'users.id' in 'on clause'
[Method: GET, Route: blog]
in SYSTEMPATH\Database\BaseConnection.php on line 865.
 1 SYSTEMPATH\Database\BaseBuilder.php(1649): CodeIgniter\Database\BaseConnection->query('SELECT `posts`.*, `users`.`user`
FROM `posts`
JOIN `users` ON `users`.`id` = `posts`.`id_user`
ORDER BY `posts`.`created_at` DESC', [], false)
 2 SYSTEMPATH\Model.php(253): CodeIgniter\Database\BaseBuilder->get()
 3 SYSTEMPATH\BaseModel.php(676): CodeIgniter\Model->doFindAll(0, 0)
 4 APPPATH\Controllers\Blog.php(21): CodeIgniter\BaseModel->findAll()
 5 SYSTEMPATH\CodeIgniter.php(951): App\Controllers\Blog->index()
 6 SYSTEMPATH\CodeIgniter.php(497): CodeIgniter\CodeIgniter->runController(Object(App\Controllers\Blog))
 7 SYSTEMPATH\CodeIgniter.php(340): CodeIgniter\CodeIgniter->handleRequest(null, Object(Config\Cache), false)
 8 SYSTEMPATH\Boot.php(417): CodeIgniter\CodeIgniter->run()
 9 SYSTEMPATH\Boot.php(68): CodeIgniter\Boot::runCodeIgniter(Object(CodeIgniter\CodeIgniter))
10 FCPATH\index.php(59): CodeIgniter\Boot::bootWeb(Object(Config\Paths))
11 SYSTEMPATH\rewrite.php(44): require_once('C:\\xampp\\htdocs\\codeigniter_crud\\public\\index.php')
CRITICAL - 2026-05-03 23:16:13 --> [Caused by] CodeIgniter\Database\Exceptions\DatabaseException: Unknown column 'users.id' in 'on clause'
in SYSTEMPATH\Database\MySQLi\Connection.php on line 310.
 1 SYSTEMPATH\Database\BaseConnection.php(910): CodeIgniter\Database\MySQLi\Connection->execute('SELECT `posts`.*, `users`.`user`
FROM `posts`
JOIN `users` ON `users`.`id` = `posts`.`id_user`
ORDER BY `posts`.`created_at` DESC')
 2 SYSTEMPATH\Database\BaseConnection.php(827): CodeIgniter\Database\BaseConnection->simpleQuery('SELECT `posts`.*, `users`.`user`
FROM `posts`
JOIN `users` ON `users`.`id` = `posts`.`id_user`
ORDER BY `posts`.`created_at` DESC')
 3 SYSTEMPATH\Database\BaseBuilder.php(1649): CodeIgniter\Database\BaseConnection->query('SELECT `posts`.*, `users`.`user`
FROM `posts`
JOIN `users` ON `users`.`id` = `posts`.`id_user`
ORDER BY `posts`.`created_at` DESC', [], false)
 4 SYSTEMPATH\Model.php(253): CodeIgniter\Database\BaseBuilder->get()
 5 SYSTEMPATH\BaseModel.php(676): CodeIgniter\Model->doFindAll(0, 0)
 6 APPPATH\Controllers\Blog.php(21): CodeIgniter\BaseModel->findAll()
 7 SYSTEMPATH\CodeIgniter.php(951): App\Controllers\Blog->index()
 8 SYSTEMPATH\CodeIgniter.php(497): CodeIgniter\CodeIgniter->runController(Object(App\Controllers\Blog))
 9 SYSTEMPATH\CodeIgniter.php(340): CodeIgniter\CodeIgniter->handleRequest(null, Object(Config\Cache), false)
10 SYSTEMPATH\Boot.php(417): CodeIgniter\CodeIgniter->run()
11 SYSTEMPATH\Boot.php(68): CodeIgniter\Boot::runCodeIgniter(Object(CodeIgniter\CodeIgniter))
12 FCPATH\index.php(59): CodeIgniter\Boot::bootWeb(Object(Config\Paths))
13 SYSTEMPATH\rewrite.php(44): require_once('C:\\xampp\\htdocs\\codeigniter_crud\\public\\index.php')
CRITICAL - 2026-05-03 23:16:13 --> [Caused by] mysqli_sql_exception: Unknown column 'users.id' in 'on clause'
in SYSTEMPATH\Database\MySQLi\Connection.php on line 300.
 1 SYSTEMPATH\Database\MySQLi\Connection.php(300): mysqli->query('SELECT `posts`.*, `users`.`user`
FROM `posts`
JOIN `users` ON `users`.`id` = `posts`.`id_user`
ORDER BY `posts`.`created_at` DESC', 0)
 2 SYSTEMPATH\Database\BaseConnection.php(910): CodeIgniter\Database\MySQLi\Connection->execute('SELECT `posts`.*, `users`.`user`
FROM `posts`
JOIN `users` ON `users`.`id` = `posts`.`id_user`
ORDER BY `posts`.`created_at` DESC')
 3 SYSTEMPATH\Database\BaseConnection.php(827): CodeIgniter\Database\BaseConnection->simpleQuery('SELECT `posts`.*, `users`.`user`
FROM `posts`
JOIN `users` ON `users`.`id` = `posts`.`id_user`
ORDER BY `posts`.`created_at` DESC')
 4 SYSTEMPATH\Database\BaseBuilder.php(1649): CodeIgniter\Database\BaseConnection->query('SELECT `posts`.*, `users`.`user`
FROM `posts`
JOIN `users` ON `users`.`id` = `posts`.`id_user`
ORDER BY `posts`.`created_at` DESC', [], false)
 5 SYSTEMPATH\Model.php(253): CodeIgniter\Database\BaseBuilder->get()
 6 SYSTEMPATH\BaseModel.php(676): CodeIgniter\Model->doFindAll(0, 0)
 7 APPPATH\Controllers\Blog.php(21): CodeIgniter\BaseModel->findAll()
 8 SYSTEMPATH\CodeIgniter.php(951): App\Controllers\Blog->index()
 9 SYSTEMPATH\CodeIgniter.php(497): CodeIgniter\CodeIgniter->runController(Object(App\Controllers\Blog))
10 SYSTEMPATH\CodeIgniter.php(340): CodeIgniter\CodeIgniter->handleRequest(null, Object(Config\Cache), false)
11 SYSTEMPATH\Boot.php(417): CodeIgniter\CodeIgniter->run()
12 SYSTEMPATH\Boot.php(68): CodeIgniter\Boot::runCodeIgniter(Object(CodeIgniter\CodeIgniter))
13 FCPATH\index.php(59): CodeIgniter\Boot::bootWeb(Object(Config\Paths))
14 SYSTEMPATH\rewrite.php(44): require_once('C:\\xampp\\htdocs\\codeigniter_crud\\public\\index.php')
